2017-8-4 5:45:12
2017-8-4 5:45:11
2017-8-4 5:45:11
2017-8-4 5:45:11
2017-8-4 5:45:12
2017-8-4 5:45:12
2017-8-4 5:45:12
2017-8-4 5:45:12
2017-8-4 5:45:12
2017-8-4 5:45:12
2017-8-4 5:45:12
2017-8-4 5:45:12
2017-8-4 5:45:12
2017-8-4 5:45:12
2017-8-4 5:45:12
2017-8-4 5:45:12
2017-8-4 5:45:12
2017-8-4 5:45:12
2017-8-4 5:45:12
2017-8-4 5:45:12
2017-8-4 5:45:12
2017-8-4 5:45:12
2017-8-4 5:45:12
2017-8-4 5:45:12
2017-8-4 5:45:12
2017-8-4 5:45:12
2017-8-4 5:45:12
2017-8-4 5:45:12
2017-8-4 5:45:12
2017-8-4 5:45:12
2017-8-4 5:45:12
2017-8-4 5:45:12
2017-8-4 5:45:12
2017-8-4 5:45:12
2017-8-4 5:45:12
2017-8-4 5:45:12
2017-8-4 5:45:12
2017-8-4 5:45:12
2017-8-4 5:45:12
2017-8-4 5:45:12
2017-8-4 5:45:12
2017-8-4 5:45:12
2017-8-4 5:45:13
2017-8-4 5:45:13
2017-8-4 5:45:12
2017-8-4 5:45:13
2017-8-4 5:45:13
2017-8-4 5:45:13
2017-8-4 5:45:13
2017-8-4 5:45:13
2017-8-4 5:45:13
2017-8-4 5:45:13
2017-8-4 5:45:13
2017-8-4 5:45:13
2017-8-4 5:45:13
2017-8-4 5:45:13
2017-8-4 5:45:13
2017-8-4 5:45:13
2017-8-4 5:45:13
2017-8-4 5:45:13
2017-8-4 5:45:13
2017-8-4 5:45:13
2017-8-4 5:45:13
2017-8-4 5:45:13
2017-8-4 5:45:13
2017-8-4 5:45:13
2017-8-4 5:45:13
2017-8-4 5:45:13
2017-8-4 5:45:13
2017-8-4 5:45:13
2017-8-4 5:45:13
2017-8-4 5:45:13
2017-8-4 5:45:13
2017-8-4 5:45:13
2017-8-4 5:45:13
2017-8-4 5:45:13
2017-8-4 5:45:13
2017-8-4 5:45:13
2017-8-4 5:45:13
2017-8-4 5:45:13
2017-8-4 5:45:13
2017-8-4 5:45:13
2017-8-4 5:45:13
2017-8-4 5:45:14
2017-8-4 5:45:14
2017-8-4 5:45:14
2017-8-4 5:45:14
2017-8-4 5:45:14
2017-8-4 5:45:14
2017-8-4 5:45:14
2017-8-4 5:45:14
2017-8-4 5:45:14
2017-8-4 5:45:14
2017-8-4 5:45:14
2017-8-4 5:45:14
2017-8-4 5:45:14
2017-8-4 5:45:14
2017-8-4 5:45:14
2017-8-4 5:45:14
2017-8-4 5:45:14
