2017-8-4 5:45:29
2017-8-4 5:45:29
2017-8-4 5:45:29
2017-8-4 5:45:29
2017-8-4 5:45:29
2017-8-4 5:45:29
2017-8-4 5:45:29
2017-8-4 5:45:29
2017-8-4 5:45:29
2017-8-4 5:45:29
2017-8-4 5:45:29
2017-8-4 5:45:29
2017-8-4 5:45:29
2017-8-4 5:45:29
2017-8-4 5:45:29
2017-8-4 5:45:30
2017-8-4 5:45:30
2017-8-4 5:45:30
2017-8-4 5:45:30
2017-8-4 5:45:30
2017-8-4 5:45:30
2017-8-4 5:45:30
2017-8-4 5:45:30
2017-8-4 5:45:30
2017-8-4 5:45:30
2017-8-4 5:45:30
2017-8-4 5:45:30
2017-8-4 5:45:30
2017-8-4 5:45:30
2017-8-4 5:45:30
2017-8-4 5:45:30
2017-8-4 5:45:30
2017-8-4 5:45:30
2017-8-4 5:45:30
2017-8-4 5:45:30
2017-8-4 5:45:30
2017-8-4 5:45:30
2017-8-4 5:45:30
2017-8-4 5:45:30
2017-8-4 5:45:30
2017-8-4 5:45:30
2017-8-4 5:45:30
2017-8-4 5:45:30
2017-8-4 5:45:30
2017-8-4 5:45:30
2017-8-4 5:45:30
2017-8-4 5:45:30
2017-8-4 5:45:30
2017-8-4 5:45:30
2017-8-4 5:45:30
2017-8-4 5:45:30
2017-8-4 5:45:30
2017-8-4 5:45:30
2017-8-4 5:45:30
2017-8-4 5:45:31
2017-8-4 5:45:31
2017-8-4 5:45:31
2017-8-4 5:45:31
2017-8-4 5:45:31
2017-8-4 5:45:31
2017-8-4 5:45:31
2017-8-4 5:45:31
2017-8-4 5:45:31
2017-8-4 5:45:31
2017-8-4 5:45:31
2017-8-4 5:45:31
2017-8-4 5:45:31
2017-8-4 5:45:31
2017-8-4 5:45:31
2017-8-4 5:45:31
2017-8-4 5:45:31
2017-8-4 5:45:31
2017-8-4 5:45:31
2017-8-4 5:45:31
2017-8-4 5:45:31
2017-8-4 5:45:31
2017-8-4 5:45:31
2017-8-4 5:45:31
2017-8-4 5:45:31
2017-8-4 5:45:31
2017-8-4 5:45:31
2017-8-4 5:45:31
2017-8-4 5:45:31
2017-8-4 5:45:31
2017-8-4 5:45:31
2017-8-4 5:45:31
2017-8-4 5:45:31
2017-8-4 5:45:31
2017-8-4 5:45:31
2017-8-4 5:45:31
2017-8-4 5:45:31
2017-8-4 5:45:31
2017-8-4 5:45:31
2017-8-4 5:45:31
2017-8-4 5:45:32
2017-8-4 5:45:32
2017-8-4 5:45:32
2017-8-4 5:45:32
2017-8-4 5:45:32
2017-8-4 5:45:32
