2017-8-4 5:45:44
2017-8-4 5:45:44
2017-8-4 5:45:44
2017-8-4 5:45:44
2017-8-4 5:45:44
2017-8-4 5:45:45
2017-8-4 5:45:45
2017-8-4 5:45:45
2017-8-4 5:45:45
2017-8-4 5:45:45
2017-8-4 5:45:45
2017-8-4 5:45:45
2017-8-4 5:45:45
2017-8-4 5:45:45
2017-8-4 5:45:45
2017-8-4 5:45:45
2017-8-4 5:45:45
2017-8-4 5:45:45
2017-8-4 5:45:45
2017-8-4 5:45:45
2017-8-4 5:45:45
2017-8-4 5:45:45
2017-8-4 5:45:45
2017-8-4 5:45:45
2017-8-4 5:45:45
2017-8-4 5:45:45
2017-8-4 5:45:45
2017-8-4 5:45:45
2017-8-4 5:45:45
2017-8-4 5:45:45
2017-8-4 5:45:45
2017-8-4 5:45:45
2017-8-4 5:45:45
2017-8-4 5:45:45
2017-8-4 5:45:45
2017-8-4 5:45:45
2017-8-4 5:45:45
2017-8-4 5:45:45
2017-8-4 5:45:45
2017-8-4 5:45:45
2017-8-4 5:45:45
2017-8-4 5:45:45
2017-8-4 5:45:45
2017-8-4 5:45:45
2017-8-4 5:45:46
2017-8-4 5:45:46
2017-8-4 5:45:46
2017-8-4 5:45:46
2017-8-4 5:45:46
2017-8-4 5:45:46
2017-8-4 5:45:46
2017-8-4 5:45:46
2017-8-4 5:45:46
2017-8-4 5:45:46
2017-8-4 5:45:46
2017-8-4 5:45:46
2017-8-4 5:45:46
2017-8-4 5:45:46
2017-8-4 5:45:46
2017-8-4 5:45:46
2017-8-4 5:45:46
2017-8-4 5:45:46
2017-8-4 5:45:46
2017-8-4 5:45:46
2017-8-4 5:45:46
2017-8-4 5:45:46
2017-8-4 5:45:46
2017-8-4 5:45:46
2017-8-4 5:45:46
2017-8-4 5:45:46
2017-8-4 5:45:46
2017-8-4 5:45:46
2017-8-4 5:45:46
2017-8-4 5:45:46
2017-8-4 5:45:46
2017-8-4 5:45:46
2017-8-4 5:45:46
2017-8-4 5:45:46
2017-8-4 5:45:46
2017-8-4 5:45:46
2017-8-4 5:45:46
2017-8-4 5:45:47
2017-8-4 5:45:46
2017-8-4 5:45:47
2017-8-4 5:45:47
2017-8-4 5:45:47
2017-8-4 5:45:47
2017-8-4 5:45:47
2017-8-4 5:45:47
2017-8-4 5:45:47
2017-8-4 5:45:47
2017-8-4 5:45:47
2017-8-4 5:45:47
2017-8-4 5:45:47
2017-8-4 5:45:47
2017-8-4 5:45:47
2017-8-4 5:45:47
2017-8-4 5:45:47
2017-8-4 5:45:47
2017-8-4 5:45:47
2017-8-4 5:45:47
2017-8-4 5:45:47
2017-8-4 5:45:47
2017-8-4 5:45:47
2017-8-4 5:45:47
2017-8-4 5:45:47
2017-8-4 5:45:47
2017-8-4 5:45:47
2017-8-4 5:45:47
2017-8-4 5:45:47
2017-8-4 5:45:47
2017-8-4 5:45:47
2017-8-4 5:45:47
2017-8-4 5:45:47
2017-8-4 5:45:47
2017-8-4 5:45:47
2017-8-4 5:45:47
2017-8-4 5:45:47
2017-8-4 5:45:48
2017-8-4 5:45:47
2017-8-4 5:45:47
2017-8-4 5:45:47
2017-8-4 5:45:47
2017-8-4 5:45:48
2017-8-4 5:45:48
2017-8-4 5:45:48
2017-8-4 5:45:48
2017-8-4 5:45:48
2017-8-4 5:45:48
2017-8-4 5:45:48
2017-8-4 5:45:48
2017-8-4 5:45:48
2017-8-4 5:45:48
2017-8-4 5:45:48
2017-8-4 5:45:48
2017-8-4 5:45:48
2017-8-4 5:45:48
2017-8-4 5:45:48
2017-8-4 5:45:48
2017-8-4 5:45:48
2017-8-4 5:45:48
2017-8-4 5:45:48
2017-8-4 5:45:48
2017-8-4 5:45:48
2017-8-4 5:45:48
2017-8-4 5:45:48
2017-8-4 5:45:48
2017-8-4 5:45:48
2017-8-4 5:45:48
2017-8-4 5:45:48
2017-8-4 5:45:48
2017-8-4 5:45:48
2017-8-4 5:45:48
2017-8-4 5:45:48
2017-8-4 5:45:48
2017-8-4 5:45:48
2017-8-4 5:45:48
2017-8-4 5:45:48
2017-8-4 5:45:48
2017-8-4 5:45:49
2017-8-4 5:45:48
2017-8-4 5:45:48
2017-8-4 5:45:49
2017-8-4 5:45:49
2017-8-4 5:45:49
2017-8-4 5:45:49
2017-8-4 5:45:49
2017-8-4 5:45:49
2017-8-4 5:45:49
2017-8-4 5:45:49
2017-8-4 5:45:49
2017-8-4 5:45:49
2017-8-4 5:45:49
2017-8-4 5:45:49
2017-8-4 5:45:49
2017-8-4 5:45:49
2017-8-4 5:45:49
2017-8-4 5:45:49
2017-8-4 5:45:49
2017-8-4 5:45:49
2017-8-4 5:45:49
2017-8-4 5:45:49
2017-8-4 5:45:49
2017-8-4 5:45:49
2017-8-4 5:45:49
2017-8-4 5:45:49
2017-8-4 5:45:49
2017-8-4 5:45:49
2017-8-4 5:45:49
2017-8-4 5:45:49
2017-8-4 5:45:49
2017-8-4 5:45:49
2017-8-4 5:45:49
2017-8-4 5:45:49
2017-8-4 5:45:49
2017-8-4 5:45:49
2017-8-4 5:45:49
2017-8-4 5:45:49
2017-8-4 5:45:49
2017-8-4 5:45:50
