2017-8-4 5:45:34
2017-8-4 5:45:34
2017-8-4 5:45:34
2017-8-4 5:45:34
2017-8-4 5:45:34
2017-8-4 5:45:34
2017-8-4 5:45:34
2017-8-4 5:45:34
2017-8-4 5:45:34
2017-8-4 5:45:34
2017-8-4 5:45:34
2017-8-4 5:45:34
2017-8-4 5:45:34
2017-8-4 5:45:35
2017-8-4 5:45:35
2017-8-4 5:45:35
2017-8-4 5:45:35
2017-8-4 5:45:35
2017-8-4 5:45:35
2017-8-4 5:45:35
2017-8-4 5:45:35
2017-8-4 5:45:35
2017-8-4 5:45:35
2017-8-4 5:45:35
2017-8-4 5:45:35
2017-8-4 5:45:35
2017-8-4 5:45:35
2017-8-4 5:45:35
2017-8-4 5:45:35
2017-8-4 5:45:35
2017-8-4 5:45:35
2017-8-4 5:45:35
2017-8-4 5:45:35
2017-8-4 5:45:35
2017-8-4 5:45:35
2017-8-4 5:45:35
2017-8-4 5:45:35
2017-8-4 5:45:35
2017-8-4 5:45:35
2017-8-4 5:45:35
2017-8-4 5:45:35
2017-8-4 5:45:35
2017-8-4 5:45:35
2017-8-4 5:45:35
2017-8-4 5:45:35
2017-8-4 5:45:35
2017-8-4 5:45:35
2017-8-4 5:45:35
2017-8-4 5:45:35
2017-8-4 5:45:35
2017-8-4 5:45:35
2017-8-4 5:45:36
2017-8-4 5:45:36
2017-8-4 5:45:36
2017-8-4 5:45:36
2017-8-4 5:45:36
2017-8-4 5:45:36
2017-8-4 5:45:36
2017-8-4 5:45:36
2017-8-4 5:45:36
2017-8-4 5:45:36
2017-8-4 5:45:36
2017-8-4 5:45:36
2017-8-4 5:45:36
2017-8-4 5:45:36
2017-8-4 5:45:36
2017-8-4 5:45:36
2017-8-4 5:45:36
2017-8-4 5:45:36
2017-8-4 5:45:36
2017-8-4 5:45:36
2017-8-4 5:45:36
2017-8-4 5:45:36
2017-8-4 5:45:36
2017-8-4 5:45:36
2017-8-4 5:45:36
2017-8-4 5:45:36
2017-8-4 5:45:36
2017-8-4 5:45:36
2017-8-4 5:45:36
2017-8-4 5:45:36
2017-8-4 5:45:36
2017-8-4 5:45:36
2017-8-4 5:45:36
2017-8-4 5:45:36
2017-8-4 5:45:36
2017-8-4 5:45:36
2017-8-4 5:45:36
2017-8-4 5:45:36
2017-8-4 5:45:36
2017-8-4 5:45:37
2017-8-4 5:45:36
2017-8-4 5:45:37
2017-8-4 5:45:37
2017-8-4 5:45:37
2017-8-4 5:45:37
2017-8-4 5:45:37
2017-8-4 5:45:37
2017-8-4 5:45:37
2017-8-4 5:45:37
2017-8-4 5:45:37
2017-8-4 5:45:37
2017-8-4 5:45:37
2017-8-4 5:45:37
2017-8-4 5:45:37
2017-8-4 5:45:37
2017-8-4 5:45:37
2017-8-4 5:45:37
2017-8-4 5:45:37
2017-8-4 5:45:37
2017-8-4 5:45:37
2017-8-4 5:45:37
2017-8-4 5:45:37
2017-8-4 5:45:37
2017-8-4 5:45:37
2017-8-4 5:45:37
2017-8-4 5:45:37
2017-8-4 5:45:37
2017-8-4 5:45:37
2017-8-4 5:45:37
2017-8-4 5:45:37
2017-8-4 5:45:37
2017-8-4 5:45:37
2017-8-4 5:45:37
2017-8-4 5:45:37
2017-8-4 5:45:37
2017-8-4 5:45:37
2017-8-4 5:45:37
2017-8-4 5:45:37
2017-8-4 5:45:37
2017-8-4 5:45:38
2017-8-4 5:45:38
2017-8-4 5:45:38
2017-8-4 5:45:38
2017-8-4 5:45:38
2017-8-4 5:45:38
2017-8-4 5:45:38
2017-8-4 5:45:38
2017-8-4 5:45:38
2017-8-4 5:45:38
2017-8-4 5:45:38
2017-8-4 5:45:38
2017-8-4 5:45:38
2017-8-4 5:45:38
2017-8-4 5:45:38
2017-8-4 5:45:38
2017-8-4 5:45:38
2017-8-4 5:45:38
2017-8-4 5:45:38
2017-8-4 5:45:38
2017-8-4 5:45:38
2017-8-4 5:45:38
2017-8-4 5:45:38
2017-8-4 5:45:38
2017-8-4 5:45:38
2017-8-4 5:45:38
2017-8-4 5:45:38
2017-8-4 5:45:38
2017-8-4 5:45:38
2017-8-4 5:45:38
2017-8-4 5:45:38
2017-8-4 5:45:38
2017-8-4 5:45:38
2017-8-4 5:45:38
2017-8-4 5:45:38
2017-8-4 5:45:39
2017-8-4 5:45:39
2017-8-4 5:45:38
2017-8-4 5:45:38
2017-8-4 5:45:38
2017-8-4 5:45:38
2017-8-4 5:45:39
2017-8-4 5:45:39
2017-8-4 5:45:39
2017-8-4 5:45:39
2017-8-4 5:45:39
2017-8-4 5:45:39
2017-8-4 5:45:39
2017-8-4 5:45:39
2017-8-4 5:45:39
2017-8-4 5:45:39
2017-8-4 5:45:39
2017-8-4 5:45:39
2017-8-4 5:45:39
2017-8-4 5:45:39
2017-8-4 5:45:39
2017-8-4 5:45:39
2017-8-4 5:45:39
2017-8-4 5:45:39
2017-8-4 5:45:39
2017-8-4 5:45:39
2017-8-4 5:45:39
2017-8-4 5:45:39
2017-8-4 5:45:39
2017-8-4 5:45:39
2017-8-4 5:45:39
2017-8-4 5:45:39
2017-8-4 5:45:39
2017-8-4 5:45:39
2017-8-4 5:45:39
