2017-8-4 5:45:14
2017-8-4 5:45:14
2017-8-4 5:45:14
2017-8-4 5:45:14
2017-8-4 5:45:14
2017-8-4 5:45:14
2017-8-4 5:45:14
2017-8-4 5:45:14
2017-8-4 5:45:14
2017-8-4 5:45:14
2017-8-4 5:45:14
2017-8-4 5:45:14
2017-8-4 5:45:14
2017-8-4 5:45:14
2017-8-4 5:45:14
2017-8-4 5:45:14
2017-8-4 5:45:14
2017-8-4 5:45:14
2017-8-4 5:45:14
2017-8-4 5:45:14
2017-8-4 5:45:15
2017-8-4 5:45:14
2017-8-4 5:45:14
2017-8-4 5:45:14
2017-8-4 5:45:15
2017-8-4 5:45:15
2017-8-4 5:45:15
2017-8-4 5:45:15
2017-8-4 5:45:15
2017-8-4 5:45:15
2017-8-4 5:45:15
2017-8-4 5:45:15
2017-8-4 5:45:15
2017-8-4 5:45:15
2017-8-4 5:45:15
2017-8-4 5:45:15
2017-8-4 5:45:15
2017-8-4 5:45:15
2017-8-4 5:45:15
2017-8-4 5:45:15
2017-8-4 5:45:15
2017-8-4 5:45:15
2017-8-4 5:45:15
2017-8-4 5:45:15
2017-8-4 5:45:15
2017-8-4 5:45:15
2017-8-4 5:45:15
2017-8-4 5:45:15
2017-8-4 5:45:15
2017-8-4 5:45:15
2017-8-4 5:45:15
2017-8-4 5:45:15
2017-8-4 5:45:15
2017-8-4 5:45:15
2017-8-4 5:45:15
2017-8-4 5:45:15
2017-8-4 5:45:15
2017-8-4 5:45:15
2017-8-4 5:45:15
2017-8-4 5:45:15
2017-8-4 5:45:15
2017-8-4 5:45:16
2017-8-4 5:45:16
2017-8-4 5:45:15
2017-8-4 5:45:16
2017-8-4 5:45:16
2017-8-4 5:45:16
2017-8-4 5:45:16
2017-8-4 5:45:16
2017-8-4 5:45:16
2017-8-4 5:45:16
2017-8-4 5:45:16
2017-8-4 5:45:16
2017-8-4 5:45:16
2017-8-4 5:45:16
2017-8-4 5:45:16
2017-8-4 5:45:16
2017-8-4 5:45:16
2017-8-4 5:45:16
2017-8-4 5:45:16
2017-8-4 5:45:16
2017-8-4 5:45:16
2017-8-4 5:45:16
2017-8-4 5:45:16
2017-8-4 5:45:16
2017-8-4 5:45:16
2017-8-4 5:45:16
2017-8-4 5:45:16
2017-8-4 5:45:16
2017-8-4 5:45:16
2017-8-4 5:45:16
2017-8-4 5:45:16
2017-8-4 5:45:16
2017-8-4 5:45:16
2017-8-4 5:45:16
2017-8-4 5:45:16
2017-8-4 5:45:16
2017-8-4 5:45:16
2017-8-4 5:45:16
2017-8-4 5:45:17
2017-8-4 5:45:16
2017-8-4 5:45:16
2017-8-4 5:45:17
2017-8-4 5:45:17
2017-8-4 5:45:17
2017-8-4 5:45:17
2017-8-4 5:45:17
2017-8-4 5:45:17
2017-8-4 5:45:17
2017-8-4 5:45:17
2017-8-4 5:45:17
2017-8-4 5:45:17
2017-8-4 5:45:17
2017-8-4 5:45:17
2017-8-4 5:45:17
2017-8-4 5:45:17
2017-8-4 5:45:17
2017-8-4 5:45:17
2017-8-4 5:45:17
2017-8-4 5:45:17
2017-8-4 5:45:17
2017-8-4 5:45:17
2017-8-4 5:45:17
2017-8-4 5:45:17
2017-8-4 5:45:17
2017-8-4 5:45:17
2017-8-4 5:45:17
2017-8-4 5:45:17
2017-8-4 5:45:17
2017-8-4 5:45:17
2017-8-4 5:45:17
2017-8-4 5:45:17
2017-8-4 5:45:17
2017-8-4 5:45:17
2017-8-4 5:45:17
2017-8-4 5:45:17
2017-8-4 5:45:17
2017-8-4 5:45:17
2017-8-4 5:45:17
2017-8-4 5:45:17
2017-8-4 5:45:18
2017-8-4 5:45:18
2017-8-4 5:45:18
2017-8-4 5:45:18
2017-8-4 5:45:17
2017-8-4 5:45:18
2017-8-4 5:45:18
2017-8-4 5:45:18
2017-8-4 5:45:18
2017-8-4 5:45:18
2017-8-4 5:45:18
2017-8-4 5:45:18
2017-8-4 5:45:18
2017-8-4 5:45:18
2017-8-4 5:45:18
2017-8-4 5:45:18
2017-8-4 5:45:18
2017-8-4 5:45:18
2017-8-4 5:45:18
2017-8-4 5:45:18
2017-8-4 5:45:18
2017-8-4 5:45:18
2017-8-4 5:45:18
2017-8-4 5:45:18
2017-8-4 5:45:18
2017-8-4 5:45:18
2017-8-4 5:45:18
2017-8-4 5:45:18
2017-8-4 5:45:18
2017-8-4 5:45:18
2017-8-4 5:45:18
2017-8-4 5:45:18
2017-8-4 5:45:18
2017-8-4 5:45:18
2017-8-4 5:45:18
2017-8-4 5:45:18
2017-8-4 5:45:18
2017-8-4 5:45:18
2017-8-4 5:45:18
2017-8-4 5:45:18
2017-8-4 5:45:18
2017-8-4 5:45:19
2017-8-4 5:45:19
2017-8-4 5:45:19
2017-8-4 5:45:19
2017-8-4 5:45:19
2017-8-4 5:45:19
2017-8-4 5:45:19
2017-8-4 5:45:19
2017-8-4 5:45:19
2017-8-4 5:45:19
2017-8-4 5:45:19
2017-8-4 5:45:19
2017-8-4 5:45:19
2017-8-4 5:45:19
2017-8-4 5:45:19
2017-8-4 5:45:19
2017-8-4 5:45:19
2017-8-4 5:45:19
2017-8-4 5:45:19
