2017-8-4 5:45:19
2017-8-4 5:45:19
2017-8-4 5:45:19
2017-8-4 5:45:19
2017-8-4 5:45:19
2017-8-4 5:45:19
2017-8-4 5:45:19
2017-8-4 5:45:19
2017-8-4 5:45:19
2017-8-4 5:45:19
2017-8-4 5:45:19
2017-8-4 5:45:19
2017-8-4 5:45:19
2017-8-4 5:45:19
2017-8-4 5:45:19
2017-8-4 5:45:19
2017-8-4 5:45:19
2017-8-4 5:45:19
2017-8-4 5:45:20
2017-8-4 5:45:19
2017-8-4 5:45:19
2017-8-4 5:45:20
2017-8-4 5:45:20
2017-8-4 5:45:20
2017-8-4 5:45:20
2017-8-4 5:45:20
2017-8-4 5:45:20
2017-8-4 5:45:20
2017-8-4 5:45:20
2017-8-4 5:45:20
2017-8-4 5:45:20
2017-8-4 5:45:20
2017-8-4 5:45:20
2017-8-4 5:45:20
2017-8-4 5:45:20
2017-8-4 5:45:20
2017-8-4 5:45:20
2017-8-4 5:45:20
2017-8-4 5:45:20
2017-8-4 5:45:20
2017-8-4 5:45:20
2017-8-4 5:45:20
2017-8-4 5:45:20
2017-8-4 5:45:20
2017-8-4 5:45:20
2017-8-4 5:45:20
2017-8-4 5:45:20
2017-8-4 5:45:20
2017-8-4 5:45:20
2017-8-4 5:45:20
2017-8-4 5:45:20
2017-8-4 5:45:20
2017-8-4 5:45:20
2017-8-4 5:45:20
2017-8-4 5:45:20
2017-8-4 5:45:20
2017-8-4 5:45:20
2017-8-4 5:45:20
2017-8-4 5:45:21
2017-8-4 5:45:21
2017-8-4 5:45:20
2017-8-4 5:45:20
2017-8-4 5:45:21
2017-8-4 5:45:21
2017-8-4 5:45:21
2017-8-4 5:45:21
2017-8-4 5:45:21
2017-8-4 5:45:21
2017-8-4 5:45:21
2017-8-4 5:45:21
2017-8-4 5:45:21
2017-8-4 5:45:21
2017-8-4 5:45:21
2017-8-4 5:45:21
2017-8-4 5:45:21
2017-8-4 5:45:21
2017-8-4 5:45:21
2017-8-4 5:45:21
2017-8-4 5:45:21
2017-8-4 5:45:21
2017-8-4 5:45:21
2017-8-4 5:45:21
2017-8-4 5:45:21
2017-8-4 5:45:21
2017-8-4 5:45:21
2017-8-4 5:45:21
2017-8-4 5:45:21
2017-8-4 5:45:21
2017-8-4 5:45:21
2017-8-4 5:45:21
2017-8-4 5:45:21
2017-8-4 5:45:21
2017-8-4 5:45:21
2017-8-4 5:45:21
2017-8-4 5:45:21
2017-8-4 5:45:21
2017-8-4 5:45:21
2017-8-4 5:45:21
2017-8-4 5:45:22
2017-8-4 5:45:22
2017-8-4 5:45:21
2017-8-4 5:45:22
2017-8-4 5:45:22
2017-8-4 5:45:22
2017-8-4 5:45:22
2017-8-4 5:45:22
2017-8-4 5:45:22
2017-8-4 5:45:22
2017-8-4 5:45:22
2017-8-4 5:45:22
2017-8-4 5:45:22
2017-8-4 5:45:22
2017-8-4 5:45:22
2017-8-4 5:45:22
2017-8-4 5:45:22
2017-8-4 5:45:22
2017-8-4 5:45:22
2017-8-4 5:45:22
2017-8-4 5:45:22
2017-8-4 5:45:22
2017-8-4 5:45:22
2017-8-4 5:45:22
2017-8-4 5:45:22
2017-8-4 5:45:22
2017-8-4 5:45:22
2017-8-4 5:45:22
2017-8-4 5:45:22
2017-8-4 5:45:22
2017-8-4 5:45:22
2017-8-4 5:45:22
2017-8-4 5:45:22
2017-8-4 5:45:22
2017-8-4 5:45:22
2017-8-4 5:45:22
2017-8-4 5:45:22
2017-8-4 5:45:22
2017-8-4 5:45:22
2017-8-4 5:45:22
2017-8-4 5:45:23
2017-8-4 5:45:23
2017-8-4 5:45:23
2017-8-4 5:45:23
2017-8-4 5:45:22
2017-8-4 5:45:23
2017-8-4 5:45:23
2017-8-4 5:45:23
2017-8-4 5:45:23
2017-8-4 5:45:23
2017-8-4 5:45:23
2017-8-4 5:45:23
2017-8-4 5:45:23
2017-8-4 5:45:23
2017-8-4 5:45:23
2017-8-4 5:45:23
2017-8-4 5:45:23
2017-8-4 5:45:23
2017-8-4 5:45:23
2017-8-4 5:45:23
2017-8-4 5:45:23
2017-8-4 5:45:23
2017-8-4 5:45:23
2017-8-4 5:45:23
2017-8-4 5:45:23
2017-8-4 5:45:23
2017-8-4 5:45:23
2017-8-4 5:45:23
2017-8-4 5:45:23
2017-8-4 5:45:23
2017-8-4 5:45:23
2017-8-4 5:45:23
2017-8-4 5:45:23
2017-8-4 5:45:23
2017-8-4 5:45:23
2017-8-4 5:45:23
2017-8-4 5:45:23
2017-8-4 5:45:23
2017-8-4 5:45:23
2017-8-4 5:45:23
2017-8-4 5:45:24
2017-8-4 5:45:24
2017-8-4 5:45:24
2017-8-4 5:45:23
2017-8-4 5:45:24
2017-8-4 5:45:24
2017-8-4 5:45:24
2017-8-4 5:45:24
2017-8-4 5:45:24
2017-8-4 5:45:24
2017-8-4 5:45:24
2017-8-4 5:45:24
2017-8-4 5:45:24
2017-8-4 5:45:24
2017-8-4 5:45:24
2017-8-4 5:45:24
2017-8-4 5:45:24
2017-8-4 5:45:24
2017-8-4 5:45:24
2017-8-4 5:45:24
2017-8-4 5:45:24
2017-8-4 5:45:24
