2017-8-4 5:44:59
2017-8-4 5:44:59
2017-8-4 5:44:59
2017-8-4 5:44:59
2017-8-4 5:44:59
2017-8-4 5:44:59
2017-8-4 5:44:59
2017-8-4 5:44:59
2017-8-4 5:44:59
2017-8-4 5:44:59
2017-8-4 5:44:59
2017-8-4 5:44:59
2017-8-4 5:44:59
2017-8-4 5:44:59
2017-8-4 5:44:59
2017-8-4 5:44:59
2017-8-4 5:44:59
2017-8-4 5:44:59
2017-8-4 5:44:59
2017-8-4 5:44:59
2017-8-4 5:44:59
2017-8-4 5:44:59
2017-8-4 5:44:59
2017-8-4 5:44:59
2017-8-4 5:44:59
2017-8-4 5:44:59
2017-8-4 5:44:59
2017-8-4 5:44:59
2017-8-4 5:44:59
2017-8-4 5:45:0
2017-8-4 5:45:0
2017-8-4 5:45:0
2017-8-4 5:45:0
2017-8-4 5:45:0
2017-8-4 5:45:0
2017-8-4 5:45:0
2017-8-4 5:45:0
2017-8-4 5:45:0
2017-8-4 5:45:0
2017-8-4 5:45:0
2017-8-4 5:45:0
2017-8-4 5:45:0
2017-8-4 5:45:0
2017-8-4 5:45:0
2017-8-4 5:45:0
2017-8-4 5:45:0
2017-8-4 5:45:0
2017-8-4 5:45:0
2017-8-4 5:45:0
2017-8-4 5:45:0
2017-8-4 5:45:0
2017-8-4 5:45:0
2017-8-4 5:45:0
2017-8-4 5:45:0
2017-8-4 5:45:0
2017-8-4 5:45:0
2017-8-4 5:45:0
2017-8-4 5:45:0
2017-8-4 5:45:0
2017-8-4 5:45:0
2017-8-4 5:45:0
2017-8-4 5:45:0
2017-8-4 5:45:0
2017-8-4 5:45:0
2017-8-4 5:45:0
2017-8-4 5:45:0
2017-8-4 5:45:0
2017-8-4 5:45:0
2017-8-4 5:45:1
2017-8-4 5:45:0
2017-8-4 5:45:1
2017-8-4 5:45:1
2017-8-4 5:45:1
2017-8-4 5:45:1
2017-8-4 5:45:1
2017-8-4 5:45:1
2017-8-4 5:45:1
2017-8-4 5:45:1
2017-8-4 5:45:1
2017-8-4 5:45:1
2017-8-4 5:45:1
2017-8-4 5:45:1
2017-8-4 5:45:1
2017-8-4 5:45:1
2017-8-4 5:45:1
2017-8-4 5:45:1
2017-8-4 5:45:1
2017-8-4 5:45:1
2017-8-4 5:45:1
2017-8-4 5:45:1
2017-8-4 5:45:1
2017-8-4 5:45:1
2017-8-4 5:45:1
2017-8-4 5:45:1
2017-8-4 5:45:1
2017-8-4 5:45:1
2017-8-4 5:45:1
2017-8-4 5:45:1
2017-8-4 5:45:1
2017-8-4 5:45:1
