2017-8-4 5:45:24
2017-8-4 5:45:24
2017-8-4 5:45:24
2017-8-4 5:45:24
2017-8-4 5:45:24
2017-8-4 5:45:24
2017-8-4 5:45:24
2017-8-4 5:45:24
2017-8-4 5:45:24
2017-8-4 5:45:24
2017-8-4 5:45:24
2017-8-4 5:45:24
2017-8-4 5:45:24
2017-8-4 5:45:24
2017-8-4 5:45:24
2017-8-4 5:45:24
2017-8-4 5:45:24
2017-8-4 5:45:25
2017-8-4 5:45:25
2017-8-4 5:45:24
2017-8-4 5:45:24
2017-8-4 5:45:25
2017-8-4 5:45:25
2017-8-4 5:45:25
2017-8-4 5:45:25
2017-8-4 5:45:25
2017-8-4 5:45:25
2017-8-4 5:45:25
2017-8-4 5:45:25
2017-8-4 5:45:25
2017-8-4 5:45:25
2017-8-4 5:45:25
2017-8-4 5:45:25
2017-8-4 5:45:25
2017-8-4 5:45:25
2017-8-4 5:45:25
2017-8-4 5:45:25
2017-8-4 5:45:25
2017-8-4 5:45:25
2017-8-4 5:45:25
2017-8-4 5:45:25
2017-8-4 5:45:25
2017-8-4 5:45:25
2017-8-4 5:45:25
2017-8-4 5:45:25
2017-8-4 5:45:25
2017-8-4 5:45:25
2017-8-4 5:45:25
2017-8-4 5:45:25
2017-8-4 5:45:25
2017-8-4 5:45:25
2017-8-4 5:45:25
2017-8-4 5:45:25
2017-8-4 5:45:25
2017-8-4 5:45:25
2017-8-4 5:45:26
2017-8-4 5:45:25
2017-8-4 5:45:25
2017-8-4 5:45:26
2017-8-4 5:45:26
2017-8-4 5:45:26
2017-8-4 5:45:26
2017-8-4 5:45:26
2017-8-4 5:45:26
2017-8-4 5:45:26
2017-8-4 5:45:26
2017-8-4 5:45:26
2017-8-4 5:45:26
2017-8-4 5:45:26
2017-8-4 5:45:26
2017-8-4 5:45:26
2017-8-4 5:45:26
2017-8-4 5:45:26
2017-8-4 5:45:26
2017-8-4 5:45:26
2017-8-4 5:45:26
2017-8-4 5:45:26
2017-8-4 5:45:26
2017-8-4 5:45:26
2017-8-4 5:45:26
2017-8-4 5:45:26
2017-8-4 5:45:26
2017-8-4 5:45:26
2017-8-4 5:45:26
2017-8-4 5:45:26
2017-8-4 5:45:26
2017-8-4 5:45:26
2017-8-4 5:45:26
2017-8-4 5:45:26
2017-8-4 5:45:26
2017-8-4 5:45:26
2017-8-4 5:45:26
2017-8-4 5:45:26
2017-8-4 5:45:26
2017-8-4 5:45:26
2017-8-4 5:45:26
2017-8-4 5:45:27
2017-8-4 5:45:27
2017-8-4 5:45:27
2017-8-4 5:45:27
