2017-8-4 5:45:1
2017-8-4 5:45:1
2017-8-4 5:45:1
2017-8-4 5:45:1
2017-8-4 5:45:1
2017-8-4 5:45:1
2017-8-4 5:45:1
2017-8-4 5:45:1
2017-8-4 5:45:2
2017-8-4 5:45:2
2017-8-4 5:45:2
2017-8-4 5:45:2
2017-8-4 5:45:2
2017-8-4 5:45:2
2017-8-4 5:45:2
2017-8-4 5:45:2
2017-8-4 5:45:2
2017-8-4 5:45:2
2017-8-4 5:45:2
2017-8-4 5:45:2
2017-8-4 5:45:2
2017-8-4 5:45:2
2017-8-4 5:45:2
2017-8-4 5:45:2
2017-8-4 5:45:2
2017-8-4 5:45:2
2017-8-4 5:45:2
2017-8-4 5:45:2
2017-8-4 5:45:2
2017-8-4 5:45:2
2017-8-4 5:45:2
2017-8-4 5:45:2
2017-8-4 5:45:2
2017-8-4 5:45:2
2017-8-4 5:45:2
2017-8-4 5:45:2
2017-8-4 5:45:2
2017-8-4 5:45:2
2017-8-4 5:45:2
2017-8-4 5:45:2
2017-8-4 5:45:2
2017-8-4 5:45:2
2017-8-4 5:45:2
2017-8-4 5:45:2
2017-8-4 5:45:3
2017-8-4 5:45:3
2017-8-4 5:45:3
2017-8-4 5:45:3
2017-8-4 5:45:3
2017-8-4 5:45:2
2017-8-4 5:45:2
2017-8-4 5:45:2
2017-8-4 5:45:2
2017-8-4 5:45:3
2017-8-4 5:45:3
2017-8-4 5:45:3
2017-8-4 5:45:3
2017-8-4 5:45:3
2017-8-4 5:45:3
2017-8-4 5:45:3
2017-8-4 5:45:3
2017-8-4 5:45:3
2017-8-4 5:45:3
2017-8-4 5:45:3
2017-8-4 5:45:3
2017-8-4 5:45:3
2017-8-4 5:45:3
2017-8-4 5:45:3
2017-8-4 5:45:3
2017-8-4 5:45:3
2017-8-4 5:45:3
2017-8-4 5:45:3
2017-8-4 5:45:3
2017-8-4 5:45:3
2017-8-4 5:45:3
2017-8-4 5:45:3
2017-8-4 5:45:3
2017-8-4 5:45:3
2017-8-4 5:45:3
2017-8-4 5:45:3
2017-8-4 5:45:3
2017-8-4 5:45:3
2017-8-4 5:45:3
2017-8-4 5:45:3
2017-8-4 5:45:3
2017-8-4 5:45:4
2017-8-4 5:45:3
2017-8-4 5:45:3
2017-8-4 5:45:4
2017-8-4 5:45:4
2017-8-4 5:45:4
2017-8-4 5:45:4
2017-8-4 5:45:4
2017-8-4 5:45:4
2017-8-4 5:45:4
2017-8-4 5:45:4
2017-8-4 5:45:4
2017-8-4 5:45:4
2017-8-4 5:45:4
2017-8-4 5:45:4
