26.0
42.0
66.0
14.0
79.0
98.0
28.0
2.0
62.0
22.0
97.0
90.0
75.0
25.0
59.0
39.0
38.0
66.0
1.0
36.0
14.0
58.0
36.0
84.0
45.0
31.0
87.0
78.0
82.0
0.0
70.0
4.0
16.0
11.0
43.0
50.0
73.0
76.0
43.0
21.0
95.0
60.0
70.0
16.0
99.0
56.0
23.0
64.0
90.0
2.0
12.0
36.0
84.0
36.0
87.0
85.0
16.0
45.0
0.0
71.0
87.0
89.0
43.0
14.0
88.0
52.0
58.0
95.0
87.0
89.0
88.0
74.0
22.0
78.0
5.0
34.0
59.0
50.0
4.0
5.0
56.0
46.0
13.0
39.0
58.0
27.0
41.0
70.0
17.0
88.0
46.0
98.0
60.0
49.0
73.0
37.0
16.0
44.0
92.0
27.0
