59.0
11.0
14.0
54.0
80.0
12.0
66.0
19.0
45.0
23.0
98.0
85.0
44.0
53.0
62.0
39.0
76.0
0.0
11.0
81.0
63.0
32.0
33.0
24.0
4.0
13.0
5.0
84.0
33.0
99.0
29.0
10.0
60.0
74.0
72.0
57.0
86.0
25.0
87.0
46.0
0.0
75.0
25.0
97.0
11.0
94.0
54.0
21.0
92.0
39.0
93.0
2.0
74.0
29.0
1.0
27.0
10.0
2.0
35.0
83.0
66.0
86.0
2.0
95.0
11.0
44.0
89.0
92.0
76.0
78.0
16.0
31.0
38.0
65.0
1.0
75.0
10.0
47.0
85.0
94.0
60.0
17.0
96.0
39.0
39.0
2.0
12.0
90.0
84.0
10.0
3.0
73.0
53.0
80.0
53.0
88.0
70.0
16.0
34.0
1.0
