52.0
87.0
3.0
58.0
36.0
30.0
65.0
34.0
63.0
12.0
97.0
76.0
30.0
77.0
44.0
0.0
31.0
37.0
18.0
55.0
41.0
15.0
52.0
71.0
22.0
91.0
85.0
22.0
81.0
4.0
62.0
2.0
87.0
83.0
78.0
99.0
66.0
39.0
2.0
53.0
37.0
77.0
42.0
75.0
13.0
42.0
15.0
11.0
31.0
80.0
2.0
53.0
65.0
69.0
97.0
76.0
41.0
23.0
63.0
88.0
33.0
33.0
20.0
69.0
27.0
33.0
4.0
73.0
10.0
70.0
32.0
10.0
73.0
74.0
1.0
61.0
88.0
45.0
46.0
0.0
38.0
99.0
0.0
97.0
43.0
0.0
61.0
96.0
93.0
76.0
28.0
25.0
69.0
76.0
49.0
90.0
3.0
73.0
54.0
24.0
