41.0
53.0
92.0
30.0
90.0
78.0
34.0
48.0
80.0
43.0
27.0
15.0
45.0
95.0
54.0
28.0
10.0
72.0
84.0
88.0
42.0
97.0
91.0
40.0
88.0
88.0
16.0
34.0
63.0
0.0
32.0
46.0
38.0
27.0
10.0
82.0
27.0
63.0
92.0
3.0
19.0
98.0
3.0
0.0
68.0
18.0
76.0
30.0
94.0
60.0
49.0
74.0
19.0
62.0
54.0
84.0
64.0
86.0
88.0
52.0
54.0
31.0
19.0
79.0
97.0
55.0
94.0
29.0
29.0
75.0
53.0
88.0
95.0
4.0
44.0
17.0
61.0
31.0
87.0
42.0
61.0
4.0
83.0
39.0
77.0
38.0
86.0
42.0
24.0
24.0
73.0
61.0
27.0
11.0
22.0
19.0
44.0
39.0
1.0
2.0
