79.0
3.0
21.0
38.0
19.0
43.0
63.0
36.0
76.0
46.0
14.0
3.0
36.0
58.0
69.0
76.0
78.0
85.0
79.0
32.0
22.0
43.0
40.0
93.0
21.0
53.0
17.0
4.0
57.0
99.0
2.0
29.0
10.0
57.0
0.0
86.0
13.0
98.0
59.0
15.0
76.0
83.0
33.0
45.0
91.0
25.0
82.0
51.0
82.0
29.0
26.0
57.0
27.0
68.0
49.0
76.0
83.0
53.0
81.0
89.0
57.0
62.0
2.0
67.0
37.0
19.0
37.0
17.0
1.0
46.0
88.0
48.0
21.0
93.0
12.0
77.0
79.0
71.0
84.0
40.0
85.0
95.0
24.0
77.0
76.0
75.0
91.0
58.0
53.0
28.0
28.0
93.0
3.0
69.0
88.0
77.0
25.0
18.0
73.0
65.0
