16.0
29.0
79.0
97.0
90.0
64.0
84.0
14.0
75.0
57.0
79.0
60.0
82.0
99.0
0.0
37.0
78.0
65.0
1.0
59.0
78.0
85.0
43.0
20.0
28.0
31.0
2.0
36.0
63.0
2.0
89.0
97.0
13.0
50.0
27.0
83.0
13.0
16.0
89.0
63.0
22.0
12.0
24.0
55.0
51.0
27.0
18.0
21.0
32.0
24.0
93.0
18.0
26.0
0.0
47.0
26.0
78.0
58.0
91.0
80.0
55.0
30.0
62.0
17.0
5.0
59.0
71.0
20.0
21.0
80.0
10.0
48.0
60.0
36.0
77.0
91.0
20.0
59.0
19.0
41.0
84.0
82.0
96.0
59.0
76.0
86.0
0.0
30.0
26.0
25.0
15.0
51.0
80.0
0.0
95.0
78.0
15.0
93.0
74.0
68.0
