63.0
74.0
24.0
31.0
90.0
41.0
25.0
17.0
30.0
2.0
11.0
62.0
38.0
20.0
29.0
75.0
31.0
1.0
75.0
33.0
79.0
28.0
76.0
49.0
20.0
91.0
22.0
3.0
79.0
95.0
52.0
91.0
0.0
59.0
27.0
48.0
55.0
68.0
56.0
48.0
75.0
44.0
89.0
4.0
98.0
68.0
14.0
83.0
44.0
73.0
57.0
75.0
98.0
0.0
75.0
98.0
69.0
62.0
32.0
1.0
35.0
51.0
93.0
53.0
61.0
0.0
37.0
2.0
30.0
40.0
73.0
31.0
45.0
20.0
21.0
54.0
96.0
60.0
16.0
86.0
1.0
90.0
28.0
80.0
86.0
3.0
43.0
67.0
25.0
96.0
64.0
94.0
81.0
80.0
60.0
77.0
79.0
0.0
43.0
4.0
