93.0
79.0
41.0
86.0
96.0
43.0
10.0
90.0
39.0
71.0
36.0
62.0
19.0
27.0
20.0
46.0
89.0
54.0
21.0
5.0
67.0
26.0
13.0
38.0
21.0
0.0
91.0
5.0
0.0
0.0
77.0
87.0
89.0
57.0
75.0
21.0
26.0
34.0
2.0
70.0
0.0
74.0
73.0
4.0
97.0
67.0
92.0
76.0
3.0
36.0
94.0
72.0
16.0
88.0
65.0
73.0
29.0
72.0
79.0
1.0
74.0
71.0
87.0
64.0
73.0
49.0
83.0
78.0
43.0
65.0
41.0
12.0
91.0
4.0
73.0
43.0
69.0
55.0
73.0
60.0
98.0
11.0
3.0
66.0
3.0
57.0
50.0
96.0
55.0
80.0
53.0
78.0
87.0
57.0
40.0
35.0
52.0
18.0
67.0
2.0
