77.0
16.0
10.0
42.0
11.0
64.0
75.0
13.0
99.0
91.0
30.0
35.0
16.0
91.0
55.0
74.0
26.0
30.0
53.0
97.0
23.0
27.0
30.0
96.0
58.0
17.0
40.0
87.0
36.0
20.0
83.0
0.0
41.0
44.0
59.0
47.0
45.0
20.0
69.0
33.0
96.0
31.0
21.0
51.0
96.0
88.0
76.0
27.0
25.0
66.0
88.0
89.0
3.0
65.0
57.0
57.0
28.0
46.0
97.0
35.0
2.0
91.0
2.0
90.0
0.0
50.0
2.0
4.0
82.0
34.0
90.0
41.0
34.0
58.0
10.0
1.0
3.0
30.0
0.0
73.0
63.0
84.0
19.0
4.0
60.0
87.0
88.0
4.0
21.0
47.0
57.0
74.0
77.0
91.0
44.0
26.0
65.0
81.0
45.0
47.0
