10.0
18.0
1.0
69.0
66.0
66.0
40.0
87.0
14.0
90.0
93.0
29.0
3.0
52.0
43.0
34.0
2.0
53.0
12.0
2.0
28.0
49.0
48.0
69.0
28.0
75.0
26.0
67.0
79.0
18.0
99.0
63.0
88.0
13.0
65.0
28.0
45.0
90.0
26.0
2.0
39.0
89.0
85.0
22.0
61.0
11.0
16.0
66.0
68.0
78.0
50.0
91.0
81.0
20.0
45.0
0.0
62.0
1.0
29.0
74.0
53.0
26.0
46.0
80.0
16.0
67.0
72.0
2.0
0.0
60.0
25.0
83.0
95.0
21.0
90.0
45.0
42.0
70.0
20.0
37.0
29.0
22.0
91.0
23.0
68.0
13.0
28.0
12.0
85.0
0.0
48.0
91.0
22.0
21.0
1.0
28.0
30.0
53.0
82.0
39.0
