93.0
63.0
52.0
92.0
53.0
92.0
5.0
42.0
29.0
40.0
25.0
12.0
90.0
55.0
22.0
97.0
38.0
58.0
51.0
0.0
14.0
26.0
77.0
25.0
97.0
43.0
65.0
27.0
25.0
24.0
2.0
99.0
2.0
85.0
2.0
16.0
73.0
56.0
21.0
11.0
34.0
44.0
11.0
37.0
0.0
65.0
22.0
10.0
15.0
59.0
64.0
3.0
77.0
25.0
77.0
80.0
94.0
63.0
15.0
45.0
98.0
14.0
43.0
46.0
79.0
31.0
39.0
59.0
64.0
95.0
82.0
46.0
48.0
80.0
11.0
75.0
1.0
11.0
99.0
49.0
39.0
77.0
15.0
29.0
46.0
98.0
36.0
37.0
27.0
12.0
2.0
63.0
24.0
94.0
73.0
64.0
53.0
97.0
18.0
27.0
