87.0
93.0
45.0
5.0
65.0
49.0
4.0
38.0
93.0
82.0
42.0
21.0
73.0
11.0
58.0
65.0
23.0
96.0
46.0
86.0
5.0
0.0
91.0
81.0
68.0
40.0
56.0
25.0
3.0
40.0
28.0
99.0
78.0
25.0
66.0
32.0
32.0
33.0
40.0
61.0
61.0
69.0
45.0
16.0
11.0
92.0
96.0
23.0
54.0
63.0
62.0
13.0
63.0
56.0
27.0
28.0
3.0
44.0
87.0
21.0
82.0
80.0
55.0
59.0
43.0
41.0
90.0
76.0
2.0
99.0
74.0
4.0
84.0
3.0
99.0
1.0
88.0
21.0
37.0
58.0
75.0
63.0
71.0
99.0
51.0
85.0
70.0
10.0
35.0
25.0
76.0
87.0
95.0
58.0
0.0
16.0
72.0
0.0
91.0
77.0
