HEADER
2017-8-4 5:44:59
2017-8-4 5:44:59
2017-8-4 5:44:59
2017-8-4 5:44:59
2017-8-4 5:44:59
2017-8-4 5:44:59
2017-8-4 5:44:59
2017-8-4 5:44:59
2017-8-4 5:44:59
2017-8-4 5:44:59
2017-8-4 5:44:59
2017-8-4 5:44:59
2017-8-4 5:44:59
2017-8-4 5:44:59
2017-8-4 5:44:59
2017-8-4 5:44:59
2017-8-4 5:44:59
2017-8-4 5:44:59
2017-8-4 5:44:59
2017-8-4 5:44:59
2017-8-4 5:44:59
2017-8-4 5:44:59
2017-8-4 5:44:59
2017-8-4 5:44:59
2017-8-4 5:44:59
2017-8-4 5:44:59
2017-8-4 5:44:59
2017-8-4 5:44:59
2017-8-4 5:44:59
2017-8-4 5:45:0
2017-8-4 5:45:0
2017-8-4 5:45:0
2017-8-4 5:45:0
2017-8-4 5:45:0
2017-8-4 5:45:0
2017-8-4 5:45:0
2017-8-4 5:45:0
2017-8-4 5:45:0
2017-8-4 5:45:0
2017-8-4 5:45:0
2017-8-4 5:45:0
2017-8-4 5:45:0
2017-8-4 5:45:0
2017-8-4 5:45:0
2017-8-4 5:45:0
2017-8-4 5:45:0
2017-8-4 5:45:0
2017-8-4 5:45:0
2017-8-4 5:45:0
2017-8-4 5:45:0
2017-8-4 5:45:0
2017-8-4 5:45:0
2017-8-4 5:45:0
2017-8-4 5:45:0
2017-8-4 5:45:0
2017-8-4 5:45:0
2017-8-4 5:45:0
2017-8-4 5:45:0
2017-8-4 5:45:0
2017-8-4 5:45:0
2017-8-4 5:45:0
2017-8-4 5:45:0
2017-8-4 5:45:0
2017-8-4 5:45:0
2017-8-4 5:45:0
2017-8-4 5:45:0
2017-8-4 5:45:0
2017-8-4 5:45:0
2017-8-4 5:45:1
2017-8-4 5:45:0
2017-8-4 5:45:1
2017-8-4 5:45:1
2017-8-4 5:45:1
2017-8-4 5:45:1
2017-8-4 5:45:1
2017-8-4 5:45:1
2017-8-4 5:45:1
2017-8-4 5:45:1
2017-8-4 5:45:1
2017-8-4 5:45:1
2017-8-4 5:45:1
2017-8-4 5:45:1
2017-8-4 5:45:1
2017-8-4 5:45:1
2017-8-4 5:45:1
2017-8-4 5:45:1
2017-8-4 5:45:1
2017-8-4 5:45:1
2017-8-4 5:45:1
2017-8-4 5:45:1
2017-8-4 5:45:1
2017-8-4 5:45:1
2017-8-4 5:45:1
2017-8-4 5:45:1
2017-8-4 5:45:1
2017-8-4 5:45:1
2017-8-4 5:45:1
2017-8-4 5:45:1
2017-8-4 5:45:1
2017-8-4 5:45:1
2017-8-4 5:45:1
2017-8-4 5:45:1
2017-8-4 5:45:1
2017-8-4 5:45:1
2017-8-4 5:45:1
2017-8-4 5:45:1
2017-8-4 5:45:1
2017-8-4 5:45:1
2017-8-4 5:45:2
2017-8-4 5:45:2
2017-8-4 5:45:2
2017-8-4 5:45:2
2017-8-4 5:45:2
2017-8-4 5:45:2
2017-8-4 5:45:2
2017-8-4 5:45:2
2017-8-4 5:45:2
2017-8-4 5:45:2
2017-8-4 5:45:2
2017-8-4 5:45:2
2017-8-4 5:45:2
2017-8-4 5:45:2
2017-8-4 5:45:2
2017-8-4 5:45:2
2017-8-4 5:45:2
2017-8-4 5:45:2
2017-8-4 5:45:2
2017-8-4 5:45:2
2017-8-4 5:45:2
2017-8-4 5:45:2
2017-8-4 5:45:2
2017-8-4 5:45:2
2017-8-4 5:45:2
2017-8-4 5:45:2
2017-8-4 5:45:2
2017-8-4 5:45:2
2017-8-4 5:45:2
2017-8-4 5:45:2
2017-8-4 5:45:2
2017-8-4 5:45:2
2017-8-4 5:45:2
2017-8-4 5:45:2
2017-8-4 5:45:2
2017-8-4 5:45:2
2017-8-4 5:45:3
2017-8-4 5:45:3
2017-8-4 5:45:3
2017-8-4 5:45:3
2017-8-4 5:45:3
2017-8-4 5:45:2
2017-8-4 5:45:2
2017-8-4 5:45:2
2017-8-4 5:45:2
2017-8-4 5:45:3
2017-8-4 5:45:3
2017-8-4 5:45:3
2017-8-4 5:45:3
2017-8-4 5:45:3
2017-8-4 5:45:3
2017-8-4 5:45:3
2017-8-4 5:45:3
2017-8-4 5:45:3
2017-8-4 5:45:3
2017-8-4 5:45:3
2017-8-4 5:45:3
2017-8-4 5:45:3
2017-8-4 5:45:3
2017-8-4 5:45:3
2017-8-4 5:45:3
2017-8-4 5:45:3
2017-8-4 5:45:3
2017-8-4 5:45:3
2017-8-4 5:45:3
2017-8-4 5:45:3
2017-8-4 5:45:3
2017-8-4 5:45:3
2017-8-4 5:45:3
2017-8-4 5:45:3
2017-8-4 5:45:3
2017-8-4 5:45:3
2017-8-4 5:45:3
2017-8-4 5:45:3
2017-8-4 5:45:3
2017-8-4 5:45:3
2017-8-4 5:45:3
2017-8-4 5:45:4
2017-8-4 5:45:3
2017-8-4 5:45:3
2017-8-4 5:45:4
2017-8-4 5:45:4
2017-8-4 5:45:4
2017-8-4 5:45:4
2017-8-4 5:45:4
2017-8-4 5:45:4
2017-8-4 5:45:4
2017-8-4 5:45:4
2017-8-4 5:45:4
2017-8-4 5:45:4
2017-8-4 5:45:4
2017-8-4 5:45:4
2017-8-4 5:45:4
2017-8-4 5:45:4
2017-8-4 5:45:4
2017-8-4 5:45:4
2017-8-4 5:45:4
2017-8-4 5:45:4
2017-8-4 5:45:4
2017-8-4 5:45:4
2017-8-4 5:45:4
2017-8-4 5:45:4
2017-8-4 5:45:4
2017-8-4 5:45:4
2017-8-4 5:45:4
2017-8-4 5:45:4
2017-8-4 5:45:4
2017-8-4 5:45:4
2017-8-4 5:45:4
2017-8-4 5:45:4
2017-8-4 5:45:4
2017-8-4 5:45:4
2017-8-4 5:45:4
2017-8-4 5:45:4
2017-8-4 5:45:4
2017-8-4 5:45:4
2017-8-4 5:45:4
2017-8-4 5:45:5
2017-8-4 5:45:5
2017-8-4 5:45:5
2017-8-4 5:45:5
2017-8-4 5:45:5
2017-8-4 5:45:5
2017-8-4 5:45:4
2017-8-4 5:45:4
2017-8-4 5:45:5
2017-8-4 5:45:5
2017-8-4 5:45:5
2017-8-4 5:45:5
2017-8-4 5:45:5
2017-8-4 5:45:5
2017-8-4 5:45:5
2017-8-4 5:45:5
2017-8-4 5:45:5
2017-8-4 5:45:5
2017-8-4 5:45:5
2017-8-4 5:45:5
2017-8-4 5:45:5
2017-8-4 5:45:5
2017-8-4 5:45:5
2017-8-4 5:45:5
2017-8-4 5:45:5
2017-8-4 5:45:5
2017-8-4 5:45:5
2017-8-4 5:45:5
2017-8-4 5:45:5
2017-8-4 5:45:5
2017-8-4 5:45:5
2017-8-4 5:45:5
2017-8-4 5:45:5
2017-8-4 5:45:5
2017-8-4 5:45:5
2017-8-4 5:45:5
2017-8-4 5:45:5
2017-8-4 5:45:5
2017-8-4 5:45:5
2017-8-4 5:45:5
2017-8-4 5:45:5
2017-8-4 5:45:6
2017-8-4 5:45:6
2017-8-4 5:45:6
2017-8-4 5:45:6
2017-8-4 5:45:6
2017-8-4 5:45:6
2017-8-4 5:45:6
2017-8-4 5:45:6
2017-8-4 5:45:6
2017-8-4 5:45:6
2017-8-4 5:45:6
2017-8-4 5:45:6
2017-8-4 5:45:6
2017-8-4 5:45:6
2017-8-4 5:45:6
2017-8-4 5:45:6
2017-8-4 5:45:6
2017-8-4 5:45:6
2017-8-4 5:45:6
2017-8-4 5:45:6
2017-8-4 5:45:6
2017-8-4 5:45:6
2017-8-4 5:45:6
2017-8-4 5:45:6
2017-8-4 5:45:6
2017-8-4 5:45:6
2017-8-4 5:45:6
2017-8-4 5:45:6
2017-8-4 5:45:6
2017-8-4 5:45:6
2017-8-4 5:45:6
2017-8-4 5:45:6
2017-8-4 5:45:6
2017-8-4 5:45:6
2017-8-4 5:45:6
2017-8-4 5:45:6
2017-8-4 5:45:6
2017-8-4 5:45:6
2017-8-4 5:45:7
2017-8-4 5:45:6
2017-8-4 5:45:6
2017-8-4 5:45:7
2017-8-4 5:45:7
2017-8-4 5:45:7
2017-8-4 5:45:7
2017-8-4 5:45:7
2017-8-4 5:45:7
2017-8-4 5:45:7
2017-8-4 5:45:7
2017-8-4 5:45:7
2017-8-4 5:45:7
2017-8-4 5:45:7
2017-8-4 5:45:7
2017-8-4 5:45:7
2017-8-4 5:45:7
2017-8-4 5:45:7
2017-8-4 5:45:7
2017-8-4 5:45:7
2017-8-4 5:45:7
2017-8-4 5:45:7
2017-8-4 5:45:7
2017-8-4 5:45:7
2017-8-4 5:45:7
2017-8-4 5:45:7
2017-8-4 5:45:7
2017-8-4 5:45:7
2017-8-4 5:45:7
2017-8-4 5:45:7
2017-8-4 5:45:7
2017-8-4 5:45:7
2017-8-4 5:45:7
2017-8-4 5:45:7
2017-8-4 5:45:7
2017-8-4 5:45:7
2017-8-4 5:45:7
2017-8-4 5:45:7
2017-8-4 5:45:7
2017-8-4 5:45:8
2017-8-4 5:45:7
2017-8-4 5:45:7
2017-8-4 5:45:7
2017-8-4 5:45:8
2017-8-4 5:45:8
2017-8-4 5:45:8
2017-8-4 5:45:8
2017-8-4 5:45:8
2017-8-4 5:45:8
2017-8-4 5:45:8
2017-8-4 5:45:8
2017-8-4 5:45:8
2017-8-4 5:45:8
2017-8-4 5:45:8
2017-8-4 5:45:8
2017-8-4 5:45:8
2017-8-4 5:45:8
2017-8-4 5:45:8
2017-8-4 5:45:8
2017-8-4 5:45:8
2017-8-4 5:45:8
2017-8-4 5:45:8
2017-8-4 5:45:8
2017-8-4 5:45:8
2017-8-4 5:45:8
2017-8-4 5:45:8
2017-8-4 5:45:8
2017-8-4 5:45:8
2017-8-4 5:45:8
2017-8-4 5:45:8
2017-8-4 5:45:8
2017-8-4 5:45:8
2017-8-4 5:45:8
2017-8-4 5:45:8
2017-8-4 5:45:8
2017-8-4 5:45:8
2017-8-4 5:45:8
2017-8-4 5:45:8
2017-8-4 5:45:8
2017-8-4 5:45:9
2017-8-4 5:45:8
2017-8-4 5:45:8
2017-8-4 5:45:9
2017-8-4 5:45:9
2017-8-4 5:45:9
2017-8-4 5:45:9
2017-8-4 5:45:9
2017-8-4 5:45:9
2017-8-4 5:45:9
2017-8-4 5:45:9
2017-8-4 5:45:9
2017-8-4 5:45:9
2017-8-4 5:45:9
2017-8-4 5:45:9
2017-8-4 5:45:9
2017-8-4 5:45:9
2017-8-4 5:45:9
2017-8-4 5:45:9
2017-8-4 5:45:9
2017-8-4 5:45:9
2017-8-4 5:45:9
2017-8-4 5:45:9
2017-8-4 5:45:9
2017-8-4 5:45:9
2017-8-4 5:45:9
2017-8-4 5:45:9
2017-8-4 5:45:9
2017-8-4 5:45:9
2017-8-4 5:45:9
2017-8-4 5:45:9
2017-8-4 5:45:9
2017-8-4 5:45:9
2017-8-4 5:45:9
2017-8-4 5:45:9
2017-8-4 5:45:9
2017-8-4 5:45:9
2017-8-4 5:45:9
2017-8-4 5:45:9
2017-8-4 5:45:9
2017-8-4 5:45:9
2017-8-4 5:45:9
2017-8-4 5:45:10
2017-8-4 5:45:10
2017-8-4 5:45:10
2017-8-4 5:45:10
2017-8-4 5:45:10
2017-8-4 5:45:10
2017-8-4 5:45:10
2017-8-4 5:45:10
2017-8-4 5:45:10
2017-8-4 5:45:10
2017-8-4 5:45:10
2017-8-4 5:45:10
2017-8-4 5:45:10
2017-8-4 5:45:10
2017-8-4 5:45:10
2017-8-4 5:45:10
2017-8-4 5:45:10
2017-8-4 5:45:10
2017-8-4 5:45:10
2017-8-4 5:45:10
2017-8-4 5:45:10
2017-8-4 5:45:10
2017-8-4 5:45:10
2017-8-4 5:45:10
2017-8-4 5:45:10
2017-8-4 5:45:10
2017-8-4 5:45:10
2017-8-4 5:45:10
2017-8-4 5:45:10
2017-8-4 5:45:10
2017-8-4 5:45:10
2017-8-4 5:45:10
2017-8-4 5:45:10
2017-8-4 5:45:10
2017-8-4 5:45:10
2017-8-4 5:45:10
2017-8-4 5:45:10
2017-8-4 5:45:10
2017-8-4 5:45:10
2017-8-4 5:45:11
2017-8-4 5:45:11
2017-8-4 5:45:11
2017-8-4 5:45:11
2017-8-4 5:45:11
2017-8-4 5:45:11
2017-8-4 5:45:11
2017-8-4 5:45:11
2017-8-4 5:45:11
2017-8-4 5:45:11
2017-8-4 5:45:11
2017-8-4 5:45:11
2017-8-4 5:45:11
2017-8-4 5:45:11
2017-8-4 5:45:11
2017-8-4 5:45:11
2017-8-4 5:45:11
2017-8-4 5:45:11
2017-8-4 5:45:11
2017-8-4 5:45:11
2017-8-4 5:45:11
2017-8-4 5:45:11
2017-8-4 5:45:11
2017-8-4 5:45:11
2017-8-4 5:45:11
2017-8-4 5:45:11
2017-8-4 5:45:11
2017-8-4 5:45:11
2017-8-4 5:45:11
2017-8-4 5:45:11
2017-8-4 5:45:11
2017-8-4 5:45:11
2017-8-4 5:45:11
2017-8-4 5:45:11
2017-8-4 5:45:11
2017-8-4 5:45:11
2017-8-4 5:45:12
2017-8-4 5:45:11
2017-8-4 5:45:11
2017-8-4 5:45:11
2017-8-4 5:45:12
2017-8-4 5:45:12
2017-8-4 5:45:12
2017-8-4 5:45:12
2017-8-4 5:45:12
2017-8-4 5:45:12
2017-8-4 5:45:12
2017-8-4 5:45:12
2017-8-4 5:45:12
2017-8-4 5:45:12
2017-8-4 5:45:12
2017-8-4 5:45:12
2017-8-4 5:45:12
2017-8-4 5:45:12
2017-8-4 5:45:12
2017-8-4 5:45:12
2017-8-4 5:45:12
2017-8-4 5:45:12
2017-8-4 5:45:12
2017-8-4 5:45:12
2017-8-4 5:45:12
2017-8-4 5:45:12
2017-8-4 5:45:12
2017-8-4 5:45:12
2017-8-4 5:45:12
2017-8-4 5:45:12
2017-8-4 5:45:12
2017-8-4 5:45:12
2017-8-4 5:45:12
2017-8-4 5:45:12
2017-8-4 5:45:12
2017-8-4 5:45:12
2017-8-4 5:45:12
2017-8-4 5:45:12
2017-8-4 5:45:12
2017-8-4 5:45:12
2017-8-4 5:45:12
2017-8-4 5:45:12
2017-8-4 5:45:13
2017-8-4 5:45:13
2017-8-4 5:45:12
2017-8-4 5:45:13
2017-8-4 5:45:13
2017-8-4 5:45:13
2017-8-4 5:45:13
2017-8-4 5:45:13
2017-8-4 5:45:13
2017-8-4 5:45:13
2017-8-4 5:45:13
2017-8-4 5:45:13
2017-8-4 5:45:13
2017-8-4 5:45:13
2017-8-4 5:45:13
2017-8-4 5:45:13
2017-8-4 5:45:13
2017-8-4 5:45:13
2017-8-4 5:45:13
2017-8-4 5:45:13
2017-8-4 5:45:13
2017-8-4 5:45:13
2017-8-4 5:45:13
2017-8-4 5:45:13
2017-8-4 5:45:13
2017-8-4 5:45:13
2017-8-4 5:45:13
2017-8-4 5:45:13
2017-8-4 5:45:13
2017-8-4 5:45:13
2017-8-4 5:45:13
2017-8-4 5:45:13
2017-8-4 5:45:13
2017-8-4 5:45:13
2017-8-4 5:45:13
2017-8-4 5:45:13
2017-8-4 5:45:13
2017-8-4 5:45:13
2017-8-4 5:45:13
2017-8-4 5:45:13
2017-8-4 5:45:13
2017-8-4 5:45:14
2017-8-4 5:45:14
2017-8-4 5:45:14
2017-8-4 5:45:14
2017-8-4 5:45:14
2017-8-4 5:45:14
2017-8-4 5:45:14
2017-8-4 5:45:14
2017-8-4 5:45:14
2017-8-4 5:45:14
2017-8-4 5:45:14
2017-8-4 5:45:14
2017-8-4 5:45:14
2017-8-4 5:45:14
2017-8-4 5:45:14
2017-8-4 5:45:14
2017-8-4 5:45:14
2017-8-4 5:45:14
2017-8-4 5:45:14
2017-8-4 5:45:14
2017-8-4 5:45:14
2017-8-4 5:45:14
2017-8-4 5:45:14
2017-8-4 5:45:14
2017-8-4 5:45:14
2017-8-4 5:45:14
2017-8-4 5:45:14
2017-8-4 5:45:14
2017-8-4 5:45:14
2017-8-4 5:45:14
2017-8-4 5:45:14
2017-8-4 5:45:14
2017-8-4 5:45:14
2017-8-4 5:45:14
2017-8-4 5:45:14
2017-8-4 5:45:14
2017-8-4 5:45:14
2017-8-4 5:45:15
2017-8-4 5:45:14
2017-8-4 5:45:14
2017-8-4 5:45:14
2017-8-4 5:45:15
2017-8-4 5:45:15
2017-8-4 5:45:15
2017-8-4 5:45:15
2017-8-4 5:45:15
2017-8-4 5:45:15
2017-8-4 5:45:15
2017-8-4 5:45:15
2017-8-4 5:45:15
2017-8-4 5:45:15
2017-8-4 5:45:15
2017-8-4 5:45:15
2017-8-4 5:45:15
2017-8-4 5:45:15
2017-8-4 5:45:15
2017-8-4 5:45:15
2017-8-4 5:45:15
2017-8-4 5:45:15
2017-8-4 5:45:15
2017-8-4 5:45:15
2017-8-4 5:45:15
2017-8-4 5:45:15
2017-8-4 5:45:15
2017-8-4 5:45:15
2017-8-4 5:45:15
2017-8-4 5:45:15
2017-8-4 5:45:15
2017-8-4 5:45:15
2017-8-4 5:45:15
2017-8-4 5:45:15
2017-8-4 5:45:15
2017-8-4 5:45:15
2017-8-4 5:45:15
2017-8-4 5:45:15
2017-8-4 5:45:15
2017-8-4 5:45:15
2017-8-4 5:45:15
2017-8-4 5:45:16
2017-8-4 5:45:16
2017-8-4 5:45:15
2017-8-4 5:45:16
2017-8-4 5:45:16
2017-8-4 5:45:16
2017-8-4 5:45:16
2017-8-4 5:45:16
2017-8-4 5:45:16
2017-8-4 5:45:16
2017-8-4 5:45:16
2017-8-4 5:45:16
2017-8-4 5:45:16
2017-8-4 5:45:16
2017-8-4 5:45:16
2017-8-4 5:45:16
2017-8-4 5:45:16
2017-8-4 5:45:16
2017-8-4 5:45:16
2017-8-4 5:45:16
2017-8-4 5:45:16
2017-8-4 5:45:16
2017-8-4 5:45:16
2017-8-4 5:45:16
2017-8-4 5:45:16
2017-8-4 5:45:16
2017-8-4 5:45:16
2017-8-4 5:45:16
2017-8-4 5:45:16
2017-8-4 5:45:16
2017-8-4 5:45:16
2017-8-4 5:45:16
2017-8-4 5:45:16
2017-8-4 5:45:16
2017-8-4 5:45:16
2017-8-4 5:45:16
2017-8-4 5:45:16
2017-8-4 5:45:16
2017-8-4 5:45:17
2017-8-4 5:45:16
2017-8-4 5:45:16
2017-8-4 5:45:17
2017-8-4 5:45:17
2017-8-4 5:45:17
2017-8-4 5:45:17
2017-8-4 5:45:17
2017-8-4 5:45:17
2017-8-4 5:45:17
2017-8-4 5:45:17
2017-8-4 5:45:17
2017-8-4 5:45:17
2017-8-4 5:45:17
2017-8-4 5:45:17
2017-8-4 5:45:17
2017-8-4 5:45:17
2017-8-4 5:45:17
2017-8-4 5:45:17
2017-8-4 5:45:17
2017-8-4 5:45:17
2017-8-4 5:45:17
2017-8-4 5:45:17
2017-8-4 5:45:17
2017-8-4 5:45:17
2017-8-4 5:45:17
2017-8-4 5:45:17
2017-8-4 5:45:17
2017-8-4 5:45:17
2017-8-4 5:45:17
2017-8-4 5:45:17
2017-8-4 5:45:17
2017-8-4 5:45:17
2017-8-4 5:45:17
2017-8-4 5:45:17
2017-8-4 5:45:17
2017-8-4 5:45:17
2017-8-4 5:45:17
2017-8-4 5:45:17
2017-8-4 5:45:17
2017-8-4 5:45:17
2017-8-4 5:45:18
2017-8-4 5:45:18
2017-8-4 5:45:18
2017-8-4 5:45:18
2017-8-4 5:45:17
2017-8-4 5:45:18
2017-8-4 5:45:18
2017-8-4 5:45:18
2017-8-4 5:45:18
2017-8-4 5:45:18
2017-8-4 5:45:18
2017-8-4 5:45:18
2017-8-4 5:45:18
2017-8-4 5:45:18
2017-8-4 5:45:18
2017-8-4 5:45:18
2017-8-4 5:45:18
2017-8-4 5:45:18
2017-8-4 5:45:18
2017-8-4 5:45:18
2017-8-4 5:45:18
2017-8-4 5:45:18
2017-8-4 5:45:18
2017-8-4 5:45:18
2017-8-4 5:45:18
2017-8-4 5:45:18
2017-8-4 5:45:18
2017-8-4 5:45:18
2017-8-4 5:45:18
2017-8-4 5:45:18
2017-8-4 5:45:18
2017-8-4 5:45:18
2017-8-4 5:45:18
2017-8-4 5:45:18
2017-8-4 5:45:18
2017-8-4 5:45:18
2017-8-4 5:45:18
2017-8-4 5:45:18
2017-8-4 5:45:18
2017-8-4 5:45:18
2017-8-4 5:45:18
2017-8-4 5:45:19
2017-8-4 5:45:19
2017-8-4 5:45:19
2017-8-4 5:45:19
2017-8-4 5:45:19
2017-8-4 5:45:19
2017-8-4 5:45:19
2017-8-4 5:45:19
2017-8-4 5:45:19
2017-8-4 5:45:19
2017-8-4 5:45:19
2017-8-4 5:45:19
2017-8-4 5:45:19
2017-8-4 5:45:19
2017-8-4 5:45:19
2017-8-4 5:45:19
2017-8-4 5:45:19
2017-8-4 5:45:19
2017-8-4 5:45:19
2017-8-4 5:45:19
2017-8-4 5:45:19
2017-8-4 5:45:19
2017-8-4 5:45:19
2017-8-4 5:45:19
2017-8-4 5:45:19
2017-8-4 5:45:19
2017-8-4 5:45:19
2017-8-4 5:45:19
2017-8-4 5:45:19
2017-8-4 5:45:19
2017-8-4 5:45:19
2017-8-4 5:45:19
2017-8-4 5:45:19
2017-8-4 5:45:19
2017-8-4 5:45:19
2017-8-4 5:45:19
2017-8-4 5:45:19
2017-8-4 5:45:20
2017-8-4 5:45:19
2017-8-4 5:45:19
2017-8-4 5:45:20
2017-8-4 5:45:20
2017-8-4 5:45:20
2017-8-4 5:45:20
2017-8-4 5:45:20
2017-8-4 5:45:20
2017-8-4 5:45:20
2017-8-4 5:45:20
2017-8-4 5:45:20
2017-8-4 5:45:20
2017-8-4 5:45:20
2017-8-4 5:45:20
2017-8-4 5:45:20
2017-8-4 5:45:20
2017-8-4 5:45:20
2017-8-4 5:45:20
2017-8-4 5:45:20
2017-8-4 5:45:20
2017-8-4 5:45:20
2017-8-4 5:45:20
2017-8-4 5:45:20
2017-8-4 5:45:20
2017-8-4 5:45:20
2017-8-4 5:45:20
2017-8-4 5:45:20
2017-8-4 5:45:20
2017-8-4 5:45:20
2017-8-4 5:45:20
2017-8-4 5:45:20
2017-8-4 5:45:20
2017-8-4 5:45:20
2017-8-4 5:45:20
2017-8-4 5:45:20
2017-8-4 5:45:20
2017-8-4 5:45:20
2017-8-4 5:45:20
2017-8-4 5:45:20
2017-8-4 5:45:21
2017-8-4 5:45:21
2017-8-4 5:45:20
2017-8-4 5:45:20
2017-8-4 5:45:21
2017-8-4 5:45:21
2017-8-4 5:45:21
2017-8-4 5:45:21
2017-8-4 5:45:21
2017-8-4 5:45:21
2017-8-4 5:45:21
2017-8-4 5:45:21
2017-8-4 5:45:21
2017-8-4 5:45:21
2017-8-4 5:45:21
2017-8-4 5:45:21
2017-8-4 5:45:21
2017-8-4 5:45:21
2017-8-4 5:45:21
2017-8-4 5:45:21
2017-8-4 5:45:21
2017-8-4 5:45:21
2017-8-4 5:45:21
2017-8-4 5:45:21
2017-8-4 5:45:21
2017-8-4 5:45:21
2017-8-4 5:45:21
2017-8-4 5:45:21
2017-8-4 5:45:21
2017-8-4 5:45:21
2017-8-4 5:45:21
2017-8-4 5:45:21
2017-8-4 5:45:21
2017-8-4 5:45:21
2017-8-4 5:45:21
2017-8-4 5:45:21
2017-8-4 5:45:21
2017-8-4 5:45:21
2017-8-4 5:45:21
2017-8-4 5:45:21
2017-8-4 5:45:22
2017-8-4 5:45:22
2017-8-4 5:45:21
2017-8-4 5:45:22
2017-8-4 5:45:22
2017-8-4 5:45:22
2017-8-4 5:45:22
2017-8-4 5:45:22
2017-8-4 5:45:22
2017-8-4 5:45:22
2017-8-4 5:45:22
2017-8-4 5:45:22
2017-8-4 5:45:22
2017-8-4 5:45:22
2017-8-4 5:45:22
2017-8-4 5:45:22
2017-8-4 5:45:22
2017-8-4 5:45:22
2017-8-4 5:45:22
2017-8-4 5:45:22
2017-8-4 5:45:22
2017-8-4 5:45:22
2017-8-4 5:45:22
2017-8-4 5:45:22
2017-8-4 5:45:22
2017-8-4 5:45:22
2017-8-4 5:45:22
2017-8-4 5:45:22
2017-8-4 5:45:22
2017-8-4 5:45:22
2017-8-4 5:45:22
2017-8-4 5:45:22
2017-8-4 5:45:22
2017-8-4 5:45:22
2017-8-4 5:45:22
2017-8-4 5:45:22
2017-8-4 5:45:22
2017-8-4 5:45:22
2017-8-4 5:45:22
2017-8-4 5:45:22
2017-8-4 5:45:23
2017-8-4 5:45:23
2017-8-4 5:45:23
2017-8-4 5:45:23
2017-8-4 5:45:22
2017-8-4 5:45:23
2017-8-4 5:45:23
2017-8-4 5:45:23
2017-8-4 5:45:23
2017-8-4 5:45:23
2017-8-4 5:45:23
2017-8-4 5:45:23
2017-8-4 5:45:23
2017-8-4 5:45:23
2017-8-4 5:45:23
2017-8-4 5:45:23
2017-8-4 5:45:23
2017-8-4 5:45:23
2017-8-4 5:45:23
2017-8-4 5:45:23
2017-8-4 5:45:23
2017-8-4 5:45:23
2017-8-4 5:45:23
2017-8-4 5:45:23
2017-8-4 5:45:23
2017-8-4 5:45:23
2017-8-4 5:45:23
2017-8-4 5:45:23
2017-8-4 5:45:23
2017-8-4 5:45:23
2017-8-4 5:45:23
2017-8-4 5:45:23
2017-8-4 5:45:23
2017-8-4 5:45:23
2017-8-4 5:45:23
2017-8-4 5:45:23
2017-8-4 5:45:23
2017-8-4 5:45:23
2017-8-4 5:45:23
2017-8-4 5:45:23
2017-8-4 5:45:24
2017-8-4 5:45:24
2017-8-4 5:45:24
2017-8-4 5:45:23
2017-8-4 5:45:24
2017-8-4 5:45:24
2017-8-4 5:45:24
2017-8-4 5:45:24
2017-8-4 5:45:24
2017-8-4 5:45:24
2017-8-4 5:45:24
2017-8-4 5:45:24
2017-8-4 5:45:24
2017-8-4 5:45:24
2017-8-4 5:45:24
2017-8-4 5:45:24
2017-8-4 5:45:24
2017-8-4 5:45:24
2017-8-4 5:45:24
2017-8-4 5:45:24
2017-8-4 5:45:24
2017-8-4 5:45:24
2017-8-4 5:45:24
2017-8-4 5:45:24
2017-8-4 5:45:24
2017-8-4 5:45:24
2017-8-4 5:45:24
2017-8-4 5:45:24
2017-8-4 5:45:24
2017-8-4 5:45:24
2017-8-4 5:45:24
2017-8-4 5:45:24
2017-8-4 5:45:24
2017-8-4 5:45:24
2017-8-4 5:45:24
2017-8-4 5:45:24
2017-8-4 5:45:24
2017-8-4 5:45:24
2017-8-4 5:45:24
2017-8-4 5:45:25
2017-8-4 5:45:25
2017-8-4 5:45:24
2017-8-4 5:45:24
2017-8-4 5:45:25
2017-8-4 5:45:25
2017-8-4 5:45:25
2017-8-4 5:45:25
2017-8-4 5:45:25
2017-8-4 5:45:25
2017-8-4 5:45:25
2017-8-4 5:45:25
2017-8-4 5:45:25
2017-8-4 5:45:25
2017-8-4 5:45:25
2017-8-4 5:45:25
2017-8-4 5:45:25
2017-8-4 5:45:25
2017-8-4 5:45:25
2017-8-4 5:45:25
2017-8-4 5:45:25
2017-8-4 5:45:25
2017-8-4 5:45:25
2017-8-4 5:45:25
2017-8-4 5:45:25
2017-8-4 5:45:25
2017-8-4 5:45:25
2017-8-4 5:45:25
2017-8-4 5:45:25
2017-8-4 5:45:25
2017-8-4 5:45:25
2017-8-4 5:45:25
2017-8-4 5:45:25
2017-8-4 5:45:25
2017-8-4 5:45:25
2017-8-4 5:45:25
2017-8-4 5:45:25
2017-8-4 5:45:25
2017-8-4 5:45:26
2017-8-4 5:45:25
2017-8-4 5:45:25
2017-8-4 5:45:26
2017-8-4 5:45:26
2017-8-4 5:45:26
2017-8-4 5:45:26
2017-8-4 5:45:26
2017-8-4 5:45:26
2017-8-4 5:45:26
2017-8-4 5:45:26
2017-8-4 5:45:26
2017-8-4 5:45:26
2017-8-4 5:45:26
2017-8-4 5:45:26
2017-8-4 5:45:26
2017-8-4 5:45:26
2017-8-4 5:45:26
2017-8-4 5:45:26
2017-8-4 5:45:26
2017-8-4 5:45:26
2017-8-4 5:45:26
2017-8-4 5:45:26
2017-8-4 5:45:26
2017-8-4 5:45:26
2017-8-4 5:45:26
2017-8-4 5:45:26
2017-8-4 5:45:26
2017-8-4 5:45:26
2017-8-4 5:45:26
2017-8-4 5:45:26
2017-8-4 5:45:26
2017-8-4 5:45:26
2017-8-4 5:45:26
2017-8-4 5:45:26
2017-8-4 5:45:26
2017-8-4 5:45:26
2017-8-4 5:45:26
2017-8-4 5:45:26
2017-8-4 5:45:26
2017-8-4 5:45:26
2017-8-4 5:45:27
2017-8-4 5:45:27
2017-8-4 5:45:27
2017-8-4 5:45:27
2017-8-4 5:45:27
2017-8-4 5:45:27
2017-8-4 5:45:26
2017-8-4 5:45:27
2017-8-4 5:45:27
2017-8-4 5:45:27
2017-8-4 5:45:27
2017-8-4 5:45:27
2017-8-4 5:45:27
2017-8-4 5:45:27
2017-8-4 5:45:27
2017-8-4 5:45:27
2017-8-4 5:45:27
2017-8-4 5:45:27
2017-8-4 5:45:27
2017-8-4 5:45:27
2017-8-4 5:45:27
2017-8-4 5:45:27
2017-8-4 5:45:27
2017-8-4 5:45:27
2017-8-4 5:45:27
2017-8-4 5:45:27
2017-8-4 5:45:27
2017-8-4 5:45:27
2017-8-4 5:45:27
2017-8-4 5:45:27
2017-8-4 5:45:27
2017-8-4 5:45:27
2017-8-4 5:45:27
2017-8-4 5:45:27
2017-8-4 5:45:27
2017-8-4 5:45:27
2017-8-4 5:45:27
2017-8-4 5:45:27
2017-8-4 5:45:27
2017-8-4 5:45:27
2017-8-4 5:45:28
2017-8-4 5:45:27
2017-8-4 5:45:28
2017-8-4 5:45:28
2017-8-4 5:45:28
2017-8-4 5:45:28
2017-8-4 5:45:28
2017-8-4 5:45:28
2017-8-4 5:45:28
2017-8-4 5:45:28
2017-8-4 5:45:28
2017-8-4 5:45:28
2017-8-4 5:45:28
2017-8-4 5:45:28
2017-8-4 5:45:28
2017-8-4 5:45:28
2017-8-4 5:45:28
2017-8-4 5:45:28
2017-8-4 5:45:28
2017-8-4 5:45:28
2017-8-4 5:45:28
2017-8-4 5:45:28
2017-8-4 5:45:28
2017-8-4 5:45:28
2017-8-4 5:45:28
2017-8-4 5:45:28
2017-8-4 5:45:28
2017-8-4 5:45:28
2017-8-4 5:45:28
2017-8-4 5:45:28
2017-8-4 5:45:28
2017-8-4 5:45:28
2017-8-4 5:45:28
2017-8-4 5:45:28
2017-8-4 5:45:28
2017-8-4 5:45:28
2017-8-4 5:45:28
2017-8-4 5:45:29
2017-8-4 5:45:28
2017-8-4 5:45:28
2017-8-4 5:45:29
2017-8-4 5:45:29
2017-8-4 5:45:29
2017-8-4 5:45:29
2017-8-4 5:45:29
2017-8-4 5:45:29
2017-8-4 5:45:29
2017-8-4 5:45:29
2017-8-4 5:45:29
2017-8-4 5:45:29
2017-8-4 5:45:29
2017-8-4 5:45:29
2017-8-4 5:45:29
2017-8-4 5:45:29
2017-8-4 5:45:29
2017-8-4 5:45:29
2017-8-4 5:45:29
2017-8-4 5:45:29
2017-8-4 5:45:29
2017-8-4 5:45:29
2017-8-4 5:45:29
2017-8-4 5:45:29
2017-8-4 5:45:29
2017-8-4 5:45:29
2017-8-4 5:45:29
2017-8-4 5:45:29
2017-8-4 5:45:29
2017-8-4 5:45:29
2017-8-4 5:45:29
2017-8-4 5:45:29
2017-8-4 5:45:29
2017-8-4 5:45:29
2017-8-4 5:45:29
2017-8-4 5:45:29
2017-8-4 5:45:29
2017-8-4 5:45:29
2017-8-4 5:45:29
2017-8-4 5:45:29
2017-8-4 5:45:29
2017-8-4 5:45:30
2017-8-4 5:45:30
2017-8-4 5:45:30
2017-8-4 5:45:30
2017-8-4 5:45:30
2017-8-4 5:45:30
2017-8-4 5:45:30
2017-8-4 5:45:30
2017-8-4 5:45:30
2017-8-4 5:45:30
2017-8-4 5:45:30
2017-8-4 5:45:30
2017-8-4 5:45:30
2017-8-4 5:45:30
2017-8-4 5:45:30
2017-8-4 5:45:30
2017-8-4 5:45:30
2017-8-4 5:45:30
2017-8-4 5:45:30
2017-8-4 5:45:30
2017-8-4 5:45:30
2017-8-4 5:45:30
2017-8-4 5:45:30
2017-8-4 5:45:30
2017-8-4 5:45:30
2017-8-4 5:45:30
2017-8-4 5:45:30
2017-8-4 5:45:30
2017-8-4 5:45:30
2017-8-4 5:45:30
2017-8-4 5:45:30
2017-8-4 5:45:30
2017-8-4 5:45:30
2017-8-4 5:45:30
2017-8-4 5:45:30
2017-8-4 5:45:30
2017-8-4 5:45:30
2017-8-4 5:45:30
2017-8-4 5:45:30
2017-8-4 5:45:31
2017-8-4 5:45:31
2017-8-4 5:45:31
2017-8-4 5:45:31
2017-8-4 5:45:31
2017-8-4 5:45:31
2017-8-4 5:45:31
2017-8-4 5:45:31
2017-8-4 5:45:31
2017-8-4 5:45:31
2017-8-4 5:45:31
2017-8-4 5:45:31
2017-8-4 5:45:31
2017-8-4 5:45:31
2017-8-4 5:45:31
2017-8-4 5:45:31
2017-8-4 5:45:31
2017-8-4 5:45:31
2017-8-4 5:45:31
2017-8-4 5:45:31
2017-8-4 5:45:31
2017-8-4 5:45:31
2017-8-4 5:45:31
2017-8-4 5:45:31
2017-8-4 5:45:31
2017-8-4 5:45:31
2017-8-4 5:45:31
2017-8-4 5:45:31
2017-8-4 5:45:31
2017-8-4 5:45:31
2017-8-4 5:45:31
2017-8-4 5:45:31
2017-8-4 5:45:31
2017-8-4 5:45:31
2017-8-4 5:45:31
2017-8-4 5:45:31
2017-8-4 5:45:31
2017-8-4 5:45:31
2017-8-4 5:45:31
2017-8-4 5:45:31
2017-8-4 5:45:32
2017-8-4 5:45:32
2017-8-4 5:45:32
2017-8-4 5:45:32
2017-8-4 5:45:32
2017-8-4 5:45:32
2017-8-4 5:45:32
2017-8-4 5:45:32
2017-8-4 5:45:32
2017-8-4 5:45:32
2017-8-4 5:45:32
2017-8-4 5:45:32
2017-8-4 5:45:32
2017-8-4 5:45:32
2017-8-4 5:45:32
2017-8-4 5:45:32
2017-8-4 5:45:32
2017-8-4 5:45:32
2017-8-4 5:45:32
2017-8-4 5:45:32
2017-8-4 5:45:32
2017-8-4 5:45:32
2017-8-4 5:45:32
2017-8-4 5:45:32
2017-8-4 5:45:32
2017-8-4 5:45:32
2017-8-4 5:45:32
2017-8-4 5:45:32
2017-8-4 5:45:32
2017-8-4 5:45:32
2017-8-4 5:45:32
2017-8-4 5:45:32
2017-8-4 5:45:32
2017-8-4 5:45:32
2017-8-4 5:45:32
2017-8-4 5:45:32
2017-8-4 5:45:33
2017-8-4 5:45:32
2017-8-4 5:45:32
2017-8-4 5:45:32
2017-8-4 5:45:33
2017-8-4 5:45:33
2017-8-4 5:45:33
2017-8-4 5:45:33
2017-8-4 5:45:33
2017-8-4 5:45:33
2017-8-4 5:45:33
2017-8-4 5:45:33
2017-8-4 5:45:33
2017-8-4 5:45:33
2017-8-4 5:45:33
2017-8-4 5:45:33
2017-8-4 5:45:33
2017-8-4 5:45:33
2017-8-4 5:45:33
2017-8-4 5:45:33
2017-8-4 5:45:33
2017-8-4 5:45:33
2017-8-4 5:45:33
2017-8-4 5:45:33
2017-8-4 5:45:33
2017-8-4 5:45:33
2017-8-4 5:45:33
2017-8-4 5:45:33
2017-8-4 5:45:33
2017-8-4 5:45:33
2017-8-4 5:45:33
2017-8-4 5:45:33
2017-8-4 5:45:33
2017-8-4 5:45:33
2017-8-4 5:45:33
2017-8-4 5:45:33
2017-8-4 5:45:33
2017-8-4 5:45:33
2017-8-4 5:45:33
2017-8-4 5:45:33
2017-8-4 5:45:33
2017-8-4 5:45:33
2017-8-4 5:45:33
2017-8-4 5:45:34
2017-8-4 5:45:34
2017-8-4 5:45:34
2017-8-4 5:45:34
2017-8-4 5:45:34
2017-8-4 5:45:34
2017-8-4 5:45:34
2017-8-4 5:45:34
2017-8-4 5:45:34
2017-8-4 5:45:34
2017-8-4 5:45:34
2017-8-4 5:45:34
2017-8-4 5:45:34
2017-8-4 5:45:34
2017-8-4 5:45:34
2017-8-4 5:45:34
2017-8-4 5:45:34
2017-8-4 5:45:34
2017-8-4 5:45:34
2017-8-4 5:45:34
2017-8-4 5:45:34
2017-8-4 5:45:34
2017-8-4 5:45:34
2017-8-4 5:45:34
2017-8-4 5:45:34
2017-8-4 5:45:34
2017-8-4 5:45:34
2017-8-4 5:45:34
2017-8-4 5:45:34
2017-8-4 5:45:34
2017-8-4 5:45:34
2017-8-4 5:45:34
2017-8-4 5:45:34
2017-8-4 5:45:34
2017-8-4 5:45:34
2017-8-4 5:45:34
2017-8-4 5:45:34
2017-8-4 5:45:34
2017-8-4 5:45:34
2017-8-4 5:45:34
2017-8-4 5:45:35
2017-8-4 5:45:35
2017-8-4 5:45:35
2017-8-4 5:45:35
2017-8-4 5:45:35
2017-8-4 5:45:35
2017-8-4 5:45:35
2017-8-4 5:45:35
2017-8-4 5:45:35
2017-8-4 5:45:35
2017-8-4 5:45:35
2017-8-4 5:45:35
2017-8-4 5:45:35
2017-8-4 5:45:35
2017-8-4 5:45:35
2017-8-4 5:45:35
2017-8-4 5:45:35
2017-8-4 5:45:35
2017-8-4 5:45:35
2017-8-4 5:45:35
2017-8-4 5:45:35
2017-8-4 5:45:35
2017-8-4 5:45:35
2017-8-4 5:45:35
2017-8-4 5:45:35
2017-8-4 5:45:35
2017-8-4 5:45:35
2017-8-4 5:45:35
2017-8-4 5:45:35
2017-8-4 5:45:35
2017-8-4 5:45:35
2017-8-4 5:45:35
2017-8-4 5:45:35
2017-8-4 5:45:35
2017-8-4 5:45:35
2017-8-4 5:45:35
2017-8-4 5:45:35
2017-8-4 5:45:35
2017-8-4 5:45:36
2017-8-4 5:45:36
2017-8-4 5:45:36
2017-8-4 5:45:36
2017-8-4 5:45:36
2017-8-4 5:45:36
2017-8-4 5:45:36
2017-8-4 5:45:36
2017-8-4 5:45:36
2017-8-4 5:45:36
2017-8-4 5:45:36
2017-8-4 5:45:36
2017-8-4 5:45:36
2017-8-4 5:45:36
2017-8-4 5:45:36
2017-8-4 5:45:36
2017-8-4 5:45:36
2017-8-4 5:45:36
2017-8-4 5:45:36
2017-8-4 5:45:36
2017-8-4 5:45:36
2017-8-4 5:45:36
2017-8-4 5:45:36
2017-8-4 5:45:36
2017-8-4 5:45:36
2017-8-4 5:45:36
2017-8-4 5:45:36
2017-8-4 5:45:36
2017-8-4 5:45:36
2017-8-4 5:45:36
2017-8-4 5:45:36
2017-8-4 5:45:36
2017-8-4 5:45:36
2017-8-4 5:45:36
2017-8-4 5:45:36
2017-8-4 5:45:36
2017-8-4 5:45:36
2017-8-4 5:45:36
2017-8-4 5:45:36
2017-8-4 5:45:37
2017-8-4 5:45:36
2017-8-4 5:45:37
2017-8-4 5:45:37
2017-8-4 5:45:37
2017-8-4 5:45:37
2017-8-4 5:45:37
2017-8-4 5:45:37
2017-8-4 5:45:37
2017-8-4 5:45:37
2017-8-4 5:45:37
2017-8-4 5:45:37
2017-8-4 5:45:37
2017-8-4 5:45:37
2017-8-4 5:45:37
2017-8-4 5:45:37
2017-8-4 5:45:37
2017-8-4 5:45:37
2017-8-4 5:45:37
2017-8-4 5:45:37
2017-8-4 5:45:37
2017-8-4 5:45:37
2017-8-4 5:45:37
2017-8-4 5:45:37
2017-8-4 5:45:37
2017-8-4 5:45:37
2017-8-4 5:45:37
2017-8-4 5:45:37
2017-8-4 5:45:37
2017-8-4 5:45:37
2017-8-4 5:45:37
2017-8-4 5:45:37
2017-8-4 5:45:37
2017-8-4 5:45:37
2017-8-4 5:45:37
2017-8-4 5:45:37
2017-8-4 5:45:37
2017-8-4 5:45:37
2017-8-4 5:45:37
2017-8-4 5:45:37
2017-8-4 5:45:38
2017-8-4 5:45:38
2017-8-4 5:45:38
2017-8-4 5:45:38
2017-8-4 5:45:38
2017-8-4 5:45:38
2017-8-4 5:45:38
2017-8-4 5:45:38
2017-8-4 5:45:38
2017-8-4 5:45:38
2017-8-4 5:45:38
2017-8-4 5:45:38
2017-8-4 5:45:38
2017-8-4 5:45:38
2017-8-4 5:45:38
2017-8-4 5:45:38
2017-8-4 5:45:38
2017-8-4 5:45:38
2017-8-4 5:45:38
2017-8-4 5:45:38
2017-8-4 5:45:38
2017-8-4 5:45:38
2017-8-4 5:45:38
2017-8-4 5:45:38
2017-8-4 5:45:38
2017-8-4 5:45:38
2017-8-4 5:45:38
2017-8-4 5:45:38
2017-8-4 5:45:38
2017-8-4 5:45:38
2017-8-4 5:45:38
2017-8-4 5:45:38
2017-8-4 5:45:38
2017-8-4 5:45:38
2017-8-4 5:45:38
2017-8-4 5:45:39
2017-8-4 5:45:39
2017-8-4 5:45:38
2017-8-4 5:45:38
2017-8-4 5:45:38
2017-8-4 5:45:38
2017-8-4 5:45:39
2017-8-4 5:45:39
2017-8-4 5:45:39
2017-8-4 5:45:39
2017-8-4 5:45:39
2017-8-4 5:45:39
2017-8-4 5:45:39
2017-8-4 5:45:39
2017-8-4 5:45:39
2017-8-4 5:45:39
2017-8-4 5:45:39
2017-8-4 5:45:39
2017-8-4 5:45:39
2017-8-4 5:45:39
2017-8-4 5:45:39
2017-8-4 5:45:39
2017-8-4 5:45:39
2017-8-4 5:45:39
2017-8-4 5:45:39
2017-8-4 5:45:39
2017-8-4 5:45:39
2017-8-4 5:45:39
2017-8-4 5:45:39
2017-8-4 5:45:39
2017-8-4 5:45:39
2017-8-4 5:45:39
2017-8-4 5:45:39
2017-8-4 5:45:39
2017-8-4 5:45:39
2017-8-4 5:45:39
2017-8-4 5:45:39
2017-8-4 5:45:39
2017-8-4 5:45:39
2017-8-4 5:45:39
2017-8-4 5:45:39
2017-8-4 5:45:39
2017-8-4 5:45:39
2017-8-4 5:45:39
2017-8-4 5:45:40
2017-8-4 5:45:40
2017-8-4 5:45:40
2017-8-4 5:45:40
2017-8-4 5:45:40
2017-8-4 5:45:40
2017-8-4 5:45:40
2017-8-4 5:45:40
2017-8-4 5:45:40
2017-8-4 5:45:40
2017-8-4 5:45:40
2017-8-4 5:45:40
2017-8-4 5:45:40
2017-8-4 5:45:40
2017-8-4 5:45:40
2017-8-4 5:45:40
2017-8-4 5:45:40
2017-8-4 5:45:40
2017-8-4 5:45:40
2017-8-4 5:45:40
2017-8-4 5:45:40
2017-8-4 5:45:40
2017-8-4 5:45:40
2017-8-4 5:45:40
2017-8-4 5:45:40
2017-8-4 5:45:40
2017-8-4 5:45:40
2017-8-4 5:45:40
2017-8-4 5:45:40
2017-8-4 5:45:40
2017-8-4 5:45:40
2017-8-4 5:45:40
2017-8-4 5:45:40
2017-8-4 5:45:40
2017-8-4 5:45:40
2017-8-4 5:45:40
2017-8-4 5:45:40
2017-8-4 5:45:40
2017-8-4 5:45:40
2017-8-4 5:45:41
2017-8-4 5:45:41
2017-8-4 5:45:41
2017-8-4 5:45:41
2017-8-4 5:45:41
2017-8-4 5:45:41
2017-8-4 5:45:41
2017-8-4 5:45:41
2017-8-4 5:45:41
2017-8-4 5:45:41
2017-8-4 5:45:41
2017-8-4 5:45:41
2017-8-4 5:45:41
2017-8-4 5:45:41
2017-8-4 5:45:41
2017-8-4 5:45:41
2017-8-4 5:45:41
2017-8-4 5:45:41
2017-8-4 5:45:41
2017-8-4 5:45:41
2017-8-4 5:45:41
2017-8-4 5:45:41
2017-8-4 5:45:41
2017-8-4 5:45:41
2017-8-4 5:45:41
2017-8-4 5:45:41
2017-8-4 5:45:41
2017-8-4 5:45:41
2017-8-4 5:45:41
2017-8-4 5:45:41
2017-8-4 5:45:41
2017-8-4 5:45:41
2017-8-4 5:45:41
2017-8-4 5:45:41
2017-8-4 5:45:42
2017-8-4 5:45:42
2017-8-4 5:45:41
2017-8-4 5:45:41
2017-8-4 5:45:41
2017-8-4 5:45:41
2017-8-4 5:45:41
2017-8-4 5:45:42
2017-8-4 5:45:42
2017-8-4 5:45:42
2017-8-4 5:45:42
2017-8-4 5:45:42
2017-8-4 5:45:42
2017-8-4 5:45:42
2017-8-4 5:45:42
2017-8-4 5:45:42
2017-8-4 5:45:42
2017-8-4 5:45:42
2017-8-4 5:45:42
2017-8-4 5:45:42
2017-8-4 5:45:42
2017-8-4 5:45:42
2017-8-4 5:45:42
2017-8-4 5:45:42
2017-8-4 5:45:42
2017-8-4 5:45:42
2017-8-4 5:45:42
2017-8-4 5:45:42
2017-8-4 5:45:42
2017-8-4 5:45:42
2017-8-4 5:45:42
2017-8-4 5:45:42
2017-8-4 5:45:42
2017-8-4 5:45:42
2017-8-4 5:45:42
2017-8-4 5:45:42
2017-8-4 5:45:42
2017-8-4 5:45:42
2017-8-4 5:45:42
2017-8-4 5:45:42
2017-8-4 5:45:42
2017-8-4 5:45:42
2017-8-4 5:45:42
2017-8-4 5:45:42
2017-8-4 5:45:43
2017-8-4 5:45:43
2017-8-4 5:45:43
2017-8-4 5:45:43
2017-8-4 5:45:43
2017-8-4 5:45:43
2017-8-4 5:45:43
2017-8-4 5:45:43
2017-8-4 5:45:43
2017-8-4 5:45:43
2017-8-4 5:45:43
2017-8-4 5:45:43
2017-8-4 5:45:43
2017-8-4 5:45:43
2017-8-4 5:45:43
2017-8-4 5:45:43
2017-8-4 5:45:43
2017-8-4 5:45:43
2017-8-4 5:45:43
2017-8-4 5:45:43
2017-8-4 5:45:43
2017-8-4 5:45:43
2017-8-4 5:45:43
2017-8-4 5:45:43
2017-8-4 5:45:43
2017-8-4 5:45:43
2017-8-4 5:45:43
2017-8-4 5:45:43
2017-8-4 5:45:43
2017-8-4 5:45:43
2017-8-4 5:45:43
2017-8-4 5:45:43
2017-8-4 5:45:43
2017-8-4 5:45:43
2017-8-4 5:45:43
2017-8-4 5:45:43
2017-8-4 5:45:43
2017-8-4 5:45:43
2017-8-4 5:45:44
2017-8-4 5:45:43
2017-8-4 5:45:44
2017-8-4 5:45:44
2017-8-4 5:45:44
2017-8-4 5:45:44
2017-8-4 5:45:44
2017-8-4 5:45:44
2017-8-4 5:45:44
2017-8-4 5:45:44
2017-8-4 5:45:44
2017-8-4 5:45:44
2017-8-4 5:45:44
2017-8-4 5:45:44
2017-8-4 5:45:44
2017-8-4 5:45:44
2017-8-4 5:45:44
2017-8-4 5:45:44
2017-8-4 5:45:44
2017-8-4 5:45:44
2017-8-4 5:45:44
2017-8-4 5:45:44
2017-8-4 5:45:44
2017-8-4 5:45:44
2017-8-4 5:45:44
2017-8-4 5:45:44
2017-8-4 5:45:44
2017-8-4 5:45:44
2017-8-4 5:45:44
2017-8-4 5:45:44
2017-8-4 5:45:44
2017-8-4 5:45:44
2017-8-4 5:45:44
2017-8-4 5:45:44
2017-8-4 5:45:44
2017-8-4 5:45:44
2017-8-4 5:45:44
2017-8-4 5:45:44
2017-8-4 5:45:44
2017-8-4 5:45:44
2017-8-4 5:45:44
2017-8-4 5:45:45
2017-8-4 5:45:45
2017-8-4 5:45:45
2017-8-4 5:45:45
2017-8-4 5:45:45
2017-8-4 5:45:45
2017-8-4 5:45:45
2017-8-4 5:45:45
2017-8-4 5:45:45
2017-8-4 5:45:45
2017-8-4 5:45:45
2017-8-4 5:45:45
2017-8-4 5:45:45
2017-8-4 5:45:45
2017-8-4 5:45:45
2017-8-4 5:45:45
2017-8-4 5:45:45
2017-8-4 5:45:45
2017-8-4 5:45:45
2017-8-4 5:45:45
2017-8-4 5:45:45
2017-8-4 5:45:45
2017-8-4 5:45:45
2017-8-4 5:45:45
2017-8-4 5:45:45
2017-8-4 5:45:45
2017-8-4 5:45:45
2017-8-4 5:45:45
2017-8-4 5:45:45
2017-8-4 5:45:45
2017-8-4 5:45:45
2017-8-4 5:45:45
2017-8-4 5:45:45
2017-8-4 5:45:45
2017-8-4 5:45:45
2017-8-4 5:45:45
2017-8-4 5:45:45
2017-8-4 5:45:45
2017-8-4 5:45:45
2017-8-4 5:45:46
2017-8-4 5:45:46
2017-8-4 5:45:46
2017-8-4 5:45:46
2017-8-4 5:45:46
2017-8-4 5:45:46
2017-8-4 5:45:46
2017-8-4 5:45:46
2017-8-4 5:45:46
2017-8-4 5:45:46
2017-8-4 5:45:46
2017-8-4 5:45:46
2017-8-4 5:45:46
2017-8-4 5:45:46
2017-8-4 5:45:46
2017-8-4 5:45:46
2017-8-4 5:45:46
2017-8-4 5:45:46
2017-8-4 5:45:46
2017-8-4 5:45:46
2017-8-4 5:45:46
2017-8-4 5:45:46
2017-8-4 5:45:46
2017-8-4 5:45:46
2017-8-4 5:45:46
2017-8-4 5:45:46
2017-8-4 5:45:46
2017-8-4 5:45:46
2017-8-4 5:45:46
2017-8-4 5:45:46
2017-8-4 5:45:46
2017-8-4 5:45:46
2017-8-4 5:45:46
2017-8-4 5:45:46
2017-8-4 5:45:46
2017-8-4 5:45:46
2017-8-4 5:45:46
2017-8-4 5:45:47
2017-8-4 5:45:46
2017-8-4 5:45:47
2017-8-4 5:45:47
2017-8-4 5:45:47
2017-8-4 5:45:47
2017-8-4 5:45:47
2017-8-4 5:45:47
2017-8-4 5:45:47
2017-8-4 5:45:47
2017-8-4 5:45:47
2017-8-4 5:45:47
2017-8-4 5:45:47
2017-8-4 5:45:47
2017-8-4 5:45:47
2017-8-4 5:45:47
2017-8-4 5:45:47
2017-8-4 5:45:47
2017-8-4 5:45:47
2017-8-4 5:45:47
2017-8-4 5:45:47
2017-8-4 5:45:47
2017-8-4 5:45:47
2017-8-4 5:45:47
2017-8-4 5:45:47
2017-8-4 5:45:47
2017-8-4 5:45:47
2017-8-4 5:45:47
2017-8-4 5:45:47
2017-8-4 5:45:47
2017-8-4 5:45:47
2017-8-4 5:45:47
2017-8-4 5:45:47
2017-8-4 5:45:47
2017-8-4 5:45:47
2017-8-4 5:45:47
2017-8-4 5:45:47
2017-8-4 5:45:48
2017-8-4 5:45:47
2017-8-4 5:45:47
2017-8-4 5:45:47
2017-8-4 5:45:47
2017-8-4 5:45:48
2017-8-4 5:45:48
2017-8-4 5:45:48
2017-8-4 5:45:48
2017-8-4 5:45:48
2017-8-4 5:45:48
2017-8-4 5:45:48
2017-8-4 5:45:48
2017-8-4 5:45:48
2017-8-4 5:45:48
2017-8-4 5:45:48
2017-8-4 5:45:48
2017-8-4 5:45:48
2017-8-4 5:45:48
2017-8-4 5:45:48
2017-8-4 5:45:48
2017-8-4 5:45:48
2017-8-4 5:45:48
2017-8-4 5:45:48
2017-8-4 5:45:48
2017-8-4 5:45:48
2017-8-4 5:45:48
2017-8-4 5:45:48
2017-8-4 5:45:48
2017-8-4 5:45:48
2017-8-4 5:45:48
2017-8-4 5:45:48
2017-8-4 5:45:48
2017-8-4 5:45:48
2017-8-4 5:45:48
2017-8-4 5:45:48
2017-8-4 5:45:48
2017-8-4 5:45:48
2017-8-4 5:45:48
2017-8-4 5:45:48
2017-8-4 5:45:48
2017-8-4 5:45:49
2017-8-4 5:45:48
2017-8-4 5:45:48
2017-8-4 5:45:49
2017-8-4 5:45:49
2017-8-4 5:45:49
2017-8-4 5:45:49
2017-8-4 5:45:49
2017-8-4 5:45:49
2017-8-4 5:45:49
2017-8-4 5:45:49
2017-8-4 5:45:49
2017-8-4 5:45:49
2017-8-4 5:45:49
2017-8-4 5:45:49
2017-8-4 5:45:49
2017-8-4 5:45:49
2017-8-4 5:45:49
2017-8-4 5:45:49
2017-8-4 5:45:49
2017-8-4 5:45:49
2017-8-4 5:45:49
2017-8-4 5:45:49
2017-8-4 5:45:49
2017-8-4 5:45:49
2017-8-4 5:45:49
2017-8-4 5:45:49
2017-8-4 5:45:49
2017-8-4 5:45:49
2017-8-4 5:45:49
2017-8-4 5:45:49
2017-8-4 5:45:49
2017-8-4 5:45:49
2017-8-4 5:45:49
2017-8-4 5:45:49
2017-8-4 5:45:49
2017-8-4 5:45:49
2017-8-4 5:45:49
2017-8-4 5:45:49
2017-8-4 5:45:49
2017-8-4 5:45:50
