HEADER
2017-8-4 5:45:30
2017-8-4 5:45:30
2017-8-4 5:45:30
2017-8-4 5:45:30
2017-8-4 5:45:30
2017-8-4 5:45:30
2017-8-4 5:45:30
2017-8-4 5:45:30
2017-8-4 5:45:30
2017-8-4 5:45:30
2017-8-4 5:45:30
2017-8-4 5:45:30
2017-8-4 5:45:30
2017-8-4 5:45:30
2017-8-4 5:45:30
2017-8-4 5:45:30
2017-8-4 5:45:30
2017-8-4 5:45:30
2017-8-4 5:45:30
2017-8-4 5:45:30
2017-8-4 5:45:30
2017-8-4 5:45:30
2017-8-4 5:45:30
2017-8-4 5:45:30
2017-8-4 5:45:30
2017-8-4 5:45:30
2017-8-4 5:45:31
2017-8-4 5:45:31
2017-8-4 5:45:31
2017-8-4 5:45:31
2017-8-4 5:45:31
2017-8-4 5:45:31
2017-8-4 5:45:31
2017-8-4 5:45:31
2017-8-4 5:45:31
2017-8-4 5:45:31
2017-8-4 5:45:31
2017-8-4 5:45:31
2017-8-4 5:45:31
2017-8-4 5:45:31
2017-8-4 5:45:31
2017-8-4 5:45:31
2017-8-4 5:45:31
2017-8-4 5:45:31
2017-8-4 5:45:31
2017-8-4 5:45:31
2017-8-4 5:45:31
2017-8-4 5:45:31
2017-8-4 5:45:31
2017-8-4 5:45:31
2017-8-4 5:45:31
2017-8-4 5:45:31
2017-8-4 5:45:31
2017-8-4 5:45:31
2017-8-4 5:45:31
2017-8-4 5:45:31
2017-8-4 5:45:31
2017-8-4 5:45:31
2017-8-4 5:45:31
2017-8-4 5:45:31
2017-8-4 5:45:31
2017-8-4 5:45:31
2017-8-4 5:45:31
2017-8-4 5:45:31
2017-8-4 5:45:31
2017-8-4 5:45:31
2017-8-4 5:45:32
2017-8-4 5:45:32
2017-8-4 5:45:32
2017-8-4 5:45:32
2017-8-4 5:45:32
2017-8-4 5:45:32
2017-8-4 5:45:32
2017-8-4 5:45:32
2017-8-4 5:45:32
2017-8-4 5:45:32
2017-8-4 5:45:32
2017-8-4 5:45:32
2017-8-4 5:45:32
2017-8-4 5:45:32
2017-8-4 5:45:32
2017-8-4 5:45:32
2017-8-4 5:45:32
2017-8-4 5:45:32
2017-8-4 5:45:32
2017-8-4 5:45:32
2017-8-4 5:45:32
2017-8-4 5:45:32
2017-8-4 5:45:32
2017-8-4 5:45:32
2017-8-4 5:45:32
2017-8-4 5:45:32
2017-8-4 5:45:32
2017-8-4 5:45:32
2017-8-4 5:45:32
2017-8-4 5:45:32
2017-8-4 5:45:32
2017-8-4 5:45:32
2017-8-4 5:45:32
2017-8-4 5:45:32
2017-8-4 5:45:32
2017-8-4 5:45:32
2017-8-4 5:45:33
2017-8-4 5:45:32
2017-8-4 5:45:32
2017-8-4 5:45:32
2017-8-4 5:45:33
2017-8-4 5:45:33
2017-8-4 5:45:33
2017-8-4 5:45:33
2017-8-4 5:45:33
2017-8-4 5:45:33
2017-8-4 5:45:33
2017-8-4 5:45:33
2017-8-4 5:45:33
2017-8-4 5:45:33
2017-8-4 5:45:33
2017-8-4 5:45:33
2017-8-4 5:45:33
2017-8-4 5:45:33
2017-8-4 5:45:33
2017-8-4 5:45:33
2017-8-4 5:45:33
2017-8-4 5:45:33
2017-8-4 5:45:33
2017-8-4 5:45:33
2017-8-4 5:45:33
2017-8-4 5:45:33
2017-8-4 5:45:33
2017-8-4 5:45:33
2017-8-4 5:45:33
2017-8-4 5:45:33
2017-8-4 5:45:33
2017-8-4 5:45:33
2017-8-4 5:45:33
2017-8-4 5:45:33
2017-8-4 5:45:33
2017-8-4 5:45:33
2017-8-4 5:45:33
2017-8-4 5:45:33
2017-8-4 5:45:33
2017-8-4 5:45:33
2017-8-4 5:45:33
2017-8-4 5:45:33
2017-8-4 5:45:33
2017-8-4 5:45:34
2017-8-4 5:45:34
2017-8-4 5:45:34
2017-8-4 5:45:34
2017-8-4 5:45:34
2017-8-4 5:45:34
2017-8-4 5:45:34
2017-8-4 5:45:34
2017-8-4 5:45:34
2017-8-4 5:45:34
2017-8-4 5:45:34
2017-8-4 5:45:34
2017-8-4 5:45:34
2017-8-4 5:45:34
2017-8-4 5:45:34
2017-8-4 5:45:34
2017-8-4 5:45:34
2017-8-4 5:45:34
2017-8-4 5:45:34
2017-8-4 5:45:34
2017-8-4 5:45:34
2017-8-4 5:45:34
2017-8-4 5:45:34
2017-8-4 5:45:34
2017-8-4 5:45:34
2017-8-4 5:45:34
2017-8-4 5:45:34
2017-8-4 5:45:34
2017-8-4 5:45:34
2017-8-4 5:45:34
2017-8-4 5:45:34
2017-8-4 5:45:34
2017-8-4 5:45:34
2017-8-4 5:45:34
2017-8-4 5:45:34
2017-8-4 5:45:34
2017-8-4 5:45:34
2017-8-4 5:45:34
2017-8-4 5:45:34
2017-8-4 5:45:34
2017-8-4 5:45:35
2017-8-4 5:45:35
2017-8-4 5:45:35
2017-8-4 5:45:35
2017-8-4 5:45:35
2017-8-4 5:45:35
2017-8-4 5:45:35
2017-8-4 5:45:35
2017-8-4 5:45:35
2017-8-4 5:45:35
2017-8-4 5:45:35
2017-8-4 5:45:35
2017-8-4 5:45:35
2017-8-4 5:45:35
2017-8-4 5:45:35
2017-8-4 5:45:35
2017-8-4 5:45:35
2017-8-4 5:45:35
2017-8-4 5:45:35
2017-8-4 5:45:35
2017-8-4 5:45:35
2017-8-4 5:45:35
2017-8-4 5:45:35
2017-8-4 5:45:35
2017-8-4 5:45:35
2017-8-4 5:45:35
2017-8-4 5:45:35
2017-8-4 5:45:35
2017-8-4 5:45:35
2017-8-4 5:45:35
2017-8-4 5:45:35
2017-8-4 5:45:35
2017-8-4 5:45:35
2017-8-4 5:45:35
2017-8-4 5:45:35
2017-8-4 5:45:35
2017-8-4 5:45:35
2017-8-4 5:45:35
2017-8-4 5:45:36
2017-8-4 5:45:36
2017-8-4 5:45:36
2017-8-4 5:45:36
2017-8-4 5:45:36
2017-8-4 5:45:36
2017-8-4 5:45:36
2017-8-4 5:45:36
2017-8-4 5:45:36
2017-8-4 5:45:36
2017-8-4 5:45:36
2017-8-4 5:45:36
2017-8-4 5:45:36
2017-8-4 5:45:36
2017-8-4 5:45:36
2017-8-4 5:45:36
2017-8-4 5:45:36
2017-8-4 5:45:36
2017-8-4 5:45:36
2017-8-4 5:45:36
2017-8-4 5:45:36
2017-8-4 5:45:36
2017-8-4 5:45:36
2017-8-4 5:45:36
2017-8-4 5:45:36
2017-8-4 5:45:36
2017-8-4 5:45:36
2017-8-4 5:45:36
2017-8-4 5:45:36
2017-8-4 5:45:36
2017-8-4 5:45:36
2017-8-4 5:45:36
2017-8-4 5:45:36
2017-8-4 5:45:36
2017-8-4 5:45:36
2017-8-4 5:45:36
2017-8-4 5:45:36
2017-8-4 5:45:36
2017-8-4 5:45:36
2017-8-4 5:45:37
2017-8-4 5:45:36
2017-8-4 5:45:37
2017-8-4 5:45:37
2017-8-4 5:45:37
2017-8-4 5:45:37
2017-8-4 5:45:37
2017-8-4 5:45:37
2017-8-4 5:45:37
2017-8-4 5:45:37
2017-8-4 5:45:37
2017-8-4 5:45:37
2017-8-4 5:45:37
2017-8-4 5:45:37
2017-8-4 5:45:37
2017-8-4 5:45:37
2017-8-4 5:45:37
2017-8-4 5:45:37
2017-8-4 5:45:37
2017-8-4 5:45:37
2017-8-4 5:45:37
2017-8-4 5:45:37
2017-8-4 5:45:37
2017-8-4 5:45:37
2017-8-4 5:45:37
2017-8-4 5:45:37
2017-8-4 5:45:37
2017-8-4 5:45:37
2017-8-4 5:45:37
2017-8-4 5:45:37
2017-8-4 5:45:37
2017-8-4 5:45:37
2017-8-4 5:45:37
2017-8-4 5:45:37
2017-8-4 5:45:37
2017-8-4 5:45:37
2017-8-4 5:45:37
2017-8-4 5:45:37
2017-8-4 5:45:37
2017-8-4 5:45:37
2017-8-4 5:45:38
2017-8-4 5:45:38
2017-8-4 5:45:38
2017-8-4 5:45:38
2017-8-4 5:45:38
2017-8-4 5:45:38
2017-8-4 5:45:38
2017-8-4 5:45:38
2017-8-4 5:45:38
2017-8-4 5:45:38
2017-8-4 5:45:38
2017-8-4 5:45:38
2017-8-4 5:45:38
2017-8-4 5:45:38
2017-8-4 5:45:38
2017-8-4 5:45:38
2017-8-4 5:45:38
2017-8-4 5:45:38
2017-8-4 5:45:38
2017-8-4 5:45:38
2017-8-4 5:45:38
2017-8-4 5:45:38
2017-8-4 5:45:38
2017-8-4 5:45:38
2017-8-4 5:45:38
2017-8-4 5:45:38
2017-8-4 5:45:38
2017-8-4 5:45:38
2017-8-4 5:45:38
2017-8-4 5:45:38
2017-8-4 5:45:38
2017-8-4 5:45:38
2017-8-4 5:45:38
2017-8-4 5:45:38
2017-8-4 5:45:38
2017-8-4 5:45:39
2017-8-4 5:45:39
2017-8-4 5:45:38
2017-8-4 5:45:38
2017-8-4 5:45:38
2017-8-4 5:45:38
2017-8-4 5:45:39
2017-8-4 5:45:39
2017-8-4 5:45:39
2017-8-4 5:45:39
2017-8-4 5:45:39
2017-8-4 5:45:39
2017-8-4 5:45:39
2017-8-4 5:45:39
2017-8-4 5:45:39
2017-8-4 5:45:39
2017-8-4 5:45:39
2017-8-4 5:45:39
2017-8-4 5:45:39
2017-8-4 5:45:39
2017-8-4 5:45:39
2017-8-4 5:45:39
2017-8-4 5:45:39
2017-8-4 5:45:39
2017-8-4 5:45:39
2017-8-4 5:45:39
2017-8-4 5:45:39
2017-8-4 5:45:39
2017-8-4 5:45:39
2017-8-4 5:45:39
2017-8-4 5:45:39
2017-8-4 5:45:39
2017-8-4 5:45:39
2017-8-4 5:45:39
2017-8-4 5:45:39
2017-8-4 5:45:39
2017-8-4 5:45:39
2017-8-4 5:45:39
2017-8-4 5:45:39
2017-8-4 5:45:39
2017-8-4 5:45:39
2017-8-4 5:45:39
2017-8-4 5:45:39
2017-8-4 5:45:39
2017-8-4 5:45:40
2017-8-4 5:45:40
2017-8-4 5:45:40
2017-8-4 5:45:40
2017-8-4 5:45:40
2017-8-4 5:45:40
2017-8-4 5:45:40
2017-8-4 5:45:40
2017-8-4 5:45:40
2017-8-4 5:45:40
2017-8-4 5:45:40
2017-8-4 5:45:40
2017-8-4 5:45:40
2017-8-4 5:45:40
2017-8-4 5:45:40
2017-8-4 5:45:40
2017-8-4 5:45:40
2017-8-4 5:45:40
2017-8-4 5:45:40
2017-8-4 5:45:40
2017-8-4 5:45:40
2017-8-4 5:45:40
2017-8-4 5:45:40
2017-8-4 5:45:40
2017-8-4 5:45:40
2017-8-4 5:45:40
2017-8-4 5:45:40
2017-8-4 5:45:40
2017-8-4 5:45:40
2017-8-4 5:45:40
2017-8-4 5:45:40
2017-8-4 5:45:40
2017-8-4 5:45:40
2017-8-4 5:45:40
2017-8-4 5:45:40
2017-8-4 5:45:40
2017-8-4 5:45:40
2017-8-4 5:45:40
2017-8-4 5:45:40
2017-8-4 5:45:41
2017-8-4 5:45:41
2017-8-4 5:45:41
2017-8-4 5:45:41
2017-8-4 5:45:41
2017-8-4 5:45:41
2017-8-4 5:45:41
2017-8-4 5:45:41
2017-8-4 5:45:41
2017-8-4 5:45:41
2017-8-4 5:45:41
2017-8-4 5:45:41
2017-8-4 5:45:41
2017-8-4 5:45:41
2017-8-4 5:45:41
2017-8-4 5:45:41
2017-8-4 5:45:41
2017-8-4 5:45:41
2017-8-4 5:45:41
2017-8-4 5:45:41
2017-8-4 5:45:41
2017-8-4 5:45:41
2017-8-4 5:45:41
2017-8-4 5:45:41
2017-8-4 5:45:41
2017-8-4 5:45:41
2017-8-4 5:45:41
2017-8-4 5:45:41
2017-8-4 5:45:41
2017-8-4 5:45:41
2017-8-4 5:45:41
2017-8-4 5:45:41
2017-8-4 5:45:41
2017-8-4 5:45:41
2017-8-4 5:45:42
2017-8-4 5:45:42
2017-8-4 5:45:41
2017-8-4 5:45:41
2017-8-4 5:45:41
2017-8-4 5:45:41
2017-8-4 5:45:41
2017-8-4 5:45:42
2017-8-4 5:45:42
2017-8-4 5:45:42
2017-8-4 5:45:42
2017-8-4 5:45:42
2017-8-4 5:45:42
2017-8-4 5:45:42
2017-8-4 5:45:42
2017-8-4 5:45:42
2017-8-4 5:45:42
2017-8-4 5:45:42
2017-8-4 5:45:42
2017-8-4 5:45:42
2017-8-4 5:45:42
2017-8-4 5:45:42
2017-8-4 5:45:42
2017-8-4 5:45:42
2017-8-4 5:45:42
2017-8-4 5:45:42
2017-8-4 5:45:42
2017-8-4 5:45:42
2017-8-4 5:45:42
2017-8-4 5:45:42
2017-8-4 5:45:42
2017-8-4 5:45:42
2017-8-4 5:45:42
2017-8-4 5:45:42
2017-8-4 5:45:42
2017-8-4 5:45:42
2017-8-4 5:45:42
2017-8-4 5:45:42
2017-8-4 5:45:42
2017-8-4 5:45:42
2017-8-4 5:45:42
2017-8-4 5:45:42
2017-8-4 5:45:42
2017-8-4 5:45:42
2017-8-4 5:45:43
2017-8-4 5:45:43
2017-8-4 5:45:43
2017-8-4 5:45:43
2017-8-4 5:45:43
2017-8-4 5:45:43
2017-8-4 5:45:43
2017-8-4 5:45:43
2017-8-4 5:45:43
2017-8-4 5:45:43
2017-8-4 5:45:43
2017-8-4 5:45:43
2017-8-4 5:45:43
2017-8-4 5:45:43
2017-8-4 5:45:43
2017-8-4 5:45:43
2017-8-4 5:45:43
2017-8-4 5:45:43
2017-8-4 5:45:43
2017-8-4 5:45:43
2017-8-4 5:45:43
2017-8-4 5:45:43
2017-8-4 5:45:43
2017-8-4 5:45:43
2017-8-4 5:45:43
2017-8-4 5:45:43
2017-8-4 5:45:43
2017-8-4 5:45:43
2017-8-4 5:45:43
2017-8-4 5:45:43
2017-8-4 5:45:43
2017-8-4 5:45:43
2017-8-4 5:45:43
2017-8-4 5:45:43
2017-8-4 5:45:43
2017-8-4 5:45:43
2017-8-4 5:45:43
2017-8-4 5:45:43
2017-8-4 5:45:44
2017-8-4 5:45:43
2017-8-4 5:45:44
2017-8-4 5:45:44
2017-8-4 5:45:44
2017-8-4 5:45:44
2017-8-4 5:45:44
2017-8-4 5:45:44
2017-8-4 5:45:44
2017-8-4 5:45:44
2017-8-4 5:45:44
2017-8-4 5:45:44
2017-8-4 5:45:44
2017-8-4 5:45:44
2017-8-4 5:45:44
2017-8-4 5:45:44
2017-8-4 5:45:44
2017-8-4 5:45:44
2017-8-4 5:45:44
2017-8-4 5:45:44
2017-8-4 5:45:44
2017-8-4 5:45:44
2017-8-4 5:45:44
2017-8-4 5:45:44
2017-8-4 5:45:44
2017-8-4 5:45:44
2017-8-4 5:45:44
2017-8-4 5:45:44
2017-8-4 5:45:44
2017-8-4 5:45:44
2017-8-4 5:45:44
2017-8-4 5:45:44
2017-8-4 5:45:44
2017-8-4 5:45:44
2017-8-4 5:45:44
2017-8-4 5:45:44
2017-8-4 5:45:44
2017-8-4 5:45:44
2017-8-4 5:45:44
2017-8-4 5:45:44
2017-8-4 5:45:44
2017-8-4 5:45:45
2017-8-4 5:45:45
2017-8-4 5:45:45
2017-8-4 5:45:45
2017-8-4 5:45:45
2017-8-4 5:45:45
2017-8-4 5:45:45
2017-8-4 5:45:45
2017-8-4 5:45:45
2017-8-4 5:45:45
2017-8-4 5:45:45
2017-8-4 5:45:45
2017-8-4 5:45:45
2017-8-4 5:45:45
2017-8-4 5:45:45
2017-8-4 5:45:45
2017-8-4 5:45:45
2017-8-4 5:45:45
2017-8-4 5:45:45
2017-8-4 5:45:45
2017-8-4 5:45:45
2017-8-4 5:45:45
2017-8-4 5:45:45
2017-8-4 5:45:45
2017-8-4 5:45:45
2017-8-4 5:45:45
2017-8-4 5:45:45
2017-8-4 5:45:45
2017-8-4 5:45:45
2017-8-4 5:45:45
2017-8-4 5:45:45
2017-8-4 5:45:45
2017-8-4 5:45:45
2017-8-4 5:45:45
2017-8-4 5:45:45
2017-8-4 5:45:45
2017-8-4 5:45:45
2017-8-4 5:45:45
2017-8-4 5:45:45
2017-8-4 5:45:46
2017-8-4 5:45:46
2017-8-4 5:45:46
2017-8-4 5:45:46
2017-8-4 5:45:46
2017-8-4 5:45:46
2017-8-4 5:45:46
2017-8-4 5:45:46
2017-8-4 5:45:46
2017-8-4 5:45:46
2017-8-4 5:45:46
2017-8-4 5:45:46
2017-8-4 5:45:46
2017-8-4 5:45:46
2017-8-4 5:45:46
2017-8-4 5:45:46
2017-8-4 5:45:46
2017-8-4 5:45:46
2017-8-4 5:45:46
2017-8-4 5:45:46
2017-8-4 5:45:46
2017-8-4 5:45:46
2017-8-4 5:45:46
2017-8-4 5:45:46
2017-8-4 5:45:46
2017-8-4 5:45:46
2017-8-4 5:45:46
2017-8-4 5:45:46
2017-8-4 5:45:46
2017-8-4 5:45:46
2017-8-4 5:45:46
2017-8-4 5:45:46
2017-8-4 5:45:46
2017-8-4 5:45:46
2017-8-4 5:45:46
2017-8-4 5:45:46
2017-8-4 5:45:46
2017-8-4 5:45:47
2017-8-4 5:45:46
2017-8-4 5:45:47
2017-8-4 5:45:47
2017-8-4 5:45:47
2017-8-4 5:45:47
2017-8-4 5:45:47
2017-8-4 5:45:47
2017-8-4 5:45:47
2017-8-4 5:45:47
2017-8-4 5:45:47
2017-8-4 5:45:47
2017-8-4 5:45:47
2017-8-4 5:45:47
2017-8-4 5:45:47
2017-8-4 5:45:47
2017-8-4 5:45:47
2017-8-4 5:45:47
2017-8-4 5:45:47
2017-8-4 5:45:47
2017-8-4 5:45:47
2017-8-4 5:45:47
2017-8-4 5:45:47
2017-8-4 5:45:47
2017-8-4 5:45:47
2017-8-4 5:45:47
2017-8-4 5:45:47
2017-8-4 5:45:47
2017-8-4 5:45:47
2017-8-4 5:45:47
2017-8-4 5:45:47
2017-8-4 5:45:47
2017-8-4 5:45:47
2017-8-4 5:45:47
2017-8-4 5:45:47
2017-8-4 5:45:47
2017-8-4 5:45:47
2017-8-4 5:45:48
2017-8-4 5:45:47
2017-8-4 5:45:47
2017-8-4 5:45:47
2017-8-4 5:45:47
2017-8-4 5:45:48
2017-8-4 5:45:48
2017-8-4 5:45:48
2017-8-4 5:45:48
2017-8-4 5:45:48
2017-8-4 5:45:48
2017-8-4 5:45:48
2017-8-4 5:45:48
2017-8-4 5:45:48
2017-8-4 5:45:48
2017-8-4 5:45:48
2017-8-4 5:45:48
2017-8-4 5:45:48
2017-8-4 5:45:48
2017-8-4 5:45:48
2017-8-4 5:45:48
2017-8-4 5:45:48
2017-8-4 5:45:48
2017-8-4 5:45:48
2017-8-4 5:45:48
2017-8-4 5:45:48
2017-8-4 5:45:48
2017-8-4 5:45:48
2017-8-4 5:45:48
2017-8-4 5:45:48
2017-8-4 5:45:48
2017-8-4 5:45:48
2017-8-4 5:45:48
2017-8-4 5:45:48
2017-8-4 5:45:48
2017-8-4 5:45:48
2017-8-4 5:45:48
2017-8-4 5:45:48
2017-8-4 5:45:48
2017-8-4 5:45:48
2017-8-4 5:45:48
2017-8-4 5:45:49
2017-8-4 5:45:48
2017-8-4 5:45:48
2017-8-4 5:45:49
2017-8-4 5:45:49
2017-8-4 5:45:49
2017-8-4 5:45:49
2017-8-4 5:45:49
2017-8-4 5:45:49
2017-8-4 5:45:49
2017-8-4 5:45:49
2017-8-4 5:45:49
2017-8-4 5:45:49
2017-8-4 5:45:49
2017-8-4 5:45:49
2017-8-4 5:45:49
2017-8-4 5:45:49
2017-8-4 5:45:49
2017-8-4 5:45:49
2017-8-4 5:45:49
2017-8-4 5:45:49
2017-8-4 5:45:49
2017-8-4 5:45:49
2017-8-4 5:45:49
2017-8-4 5:45:49
2017-8-4 5:45:49
2017-8-4 5:45:49
2017-8-4 5:45:49
2017-8-4 5:45:49
2017-8-4 5:45:49
2017-8-4 5:45:49
2017-8-4 5:45:49
2017-8-4 5:45:49
2017-8-4 5:45:49
2017-8-4 5:45:49
2017-8-4 5:45:49
2017-8-4 5:45:49
2017-8-4 5:45:49
2017-8-4 5:45:49
2017-8-4 5:45:49
2017-8-4 5:45:50
