10.0
3.0
84.0
32.0
27.0
11.0
70.0
97.0
27.0
1.0
24.0
22.0
69.0
36.0
55.0
91.0
20.0
64.0
26.0
54.0
48.0
38.0
17.0
31.0
1.0
27.0
58.0
1.0
10.0
64.0
44.0
83.0
31.0
63.0
91.0
12.0
73.0
72.0
31.0
14.0
30.0
38.0
44.0
73.0
98.0
63.0
76.0
64.0
60.0
54.0
16.0
79.0
75.0
30.0
23.0
72.0
28.0
45.0
56.0
61.0
46.0
97.0
61.0
25.0
49.0
31.0
97.0
50.0
45.0
18.0
28.0
15.0
45.0
5.0
1.0
53.0
13.0
14.0
75.0
33.0
3.0
27.0
24.0
42.0
61.0
2.0
29.0
48.0
83.0
77.0
60.0
59.0
10.0
25.0
77.0
40.0
16.0
30.0
83.0
44.0
67.0
22.0
92.0
50.0
3.0
48.0
43.0
41.0
60.0
78.0
95.0
2.0
72.0
38.0
61.0
45.0
